Archive member included to satisfy reference by file (symbol)

/Applications/STM32CubeIDE.app/Contents/Eclipse/plugins/com.st.stm32cube.ide.mcu.externaltools.gnu-tools-for-stm32.11.3.rel1.macos64_1.1.100.202310310803/tools/bin/../lib/gcc/arm-none-eabi/11.3.1/../../../../arm-none-eabi/lib/thumb/v7e-m+fp/hard/libc_nano.a(libc_a-exit.o)
                              /Applications/STM32CubeIDE.app/Contents/Eclipse/plugins/com.st.stm32cube.ide.mcu.externaltools.gnu-tools-for-stm32.11.3.rel1.macos64_1.1.100.202310310803/tools/bin/../lib/gcc/arm-none-eabi/11.3.1/../../../../arm-none-eabi/lib/thumb/v7e-m+fp/hard/crt0.o (exit)
/Applications/STM32CubeIDE.app/Contents/Eclipse/plugins/com.st.stm32cube.ide.mcu.externaltools.gnu-tools-for-stm32.11.3.rel1.macos64_1.1.100.202310310803/tools/bin/../lib/gcc/arm-none-eabi/11.3.1/../../../../arm-none-eabi/lib/thumb/v7e-m+fp/hard/libc_nano.a(libc_a-malloc.o)
                              ./Middlewares/ST/STM32_USB_Host_Library/Class/CDC/Src/usbh_cdc.o (malloc)
/Applications/STM32CubeIDE.app/Contents/Eclipse/plugins/com.st.stm32cube.ide.mcu.externaltools.gnu-tools-for-stm32.11.3.rel1.macos64_1.1.100.202310310803/tools/bin/../lib/gcc/arm-none-eabi/11.3.1/../../../../arm-none-eabi/lib/thumb/v7e-m+fp/hard/libc_nano.a(libc_a-mallocr.o)
                              /Applications/STM32CubeIDE.app/Contents/Eclipse/plugins/com.st.stm32cube.ide.mcu.externaltools.gnu-tools-for-stm32.11.3.rel1.macos64_1.1.100.202310310803/tools/bin/../lib/gcc/arm-none-eabi/11.3.1/../../../../arm-none-eabi/lib/thumb/v7e-m+fp/hard/libc_nano.a(libc_a-malloc.o) (_malloc_r)
/Applications/STM32CubeIDE.app/Contents/Eclipse/plugins/com.st.stm32cube.ide.mcu.externaltools.gnu-tools-for-stm32.11.3.rel1.macos64_1.1.100.202310310803/tools/bin/../lib/gcc/arm-none-eabi/11.3.1/../../../../arm-none-eabi/lib/thumb/v7e-m+fp/hard/libc_nano.a(libc_a-mlock.o)
                              /Applications/STM32CubeIDE.app/Contents/Eclipse/plugins/com.st.stm32cube.ide.mcu.externaltools.gnu-tools-for-stm32.11.3.rel1.macos64_1.1.100.202310310803/tools/bin/../lib/gcc/arm-none-eabi/11.3.1/../../../../arm-none-eabi/lib/thumb/v7e-m+fp/hard/libc_nano.a(libc_a-mallocr.o) (__malloc_lock)
/Applications/STM32CubeIDE.app/Contents/Eclipse/plugins/com.st.stm32cube.ide.mcu.externaltools.gnu-tools-for-stm32.11.3.rel1.macos64_1.1.100.202310310803/tools/bin/../lib/gcc/arm-none-eabi/11.3.1/../../../../arm-none-eabi/lib/thumb/v7e-m+fp/hard/libc_nano.a(libc_a-sprintf.o)
                              ./Core/Src/main.o (sprintf)
/Applications/STM32CubeIDE.app/Contents/Eclipse/plugins/com.st.stm32cube.ide.mcu.externaltools.gnu-tools-for-stm32.11.3.rel1.macos64_1.1.100.202310310803/tools/bin/../lib/gcc/arm-none-eabi/11.3.1/../../../../arm-none-eabi/lib/thumb/v7e-m+fp/hard/libc_nano.a(libc_a-findfp.o)
                              /Applications/STM32CubeIDE.app/Contents/Eclipse/plugins/com.st.stm32cube.ide.mcu.externaltools.gnu-tools-for-stm32.11.3.rel1.macos64_1.1.100.202310310803/tools/bin/../lib/gcc/arm-none-eabi/11.3.1/../../../../arm-none-eabi/lib/thumb/v7e-m+fp/hard/libc_nano.a(libc_a-exit.o) (__stdio_exit_handler)
/Applications/STM32CubeIDE.app/Contents/Eclipse/plugins/com.st.stm32cube.ide.mcu.externaltools.gnu-tools-for-stm32.11.3.rel1.macos64_1.1.100.202310310803/tools/bin/../lib/gcc/arm-none-eabi/11.3.1/../../../../arm-none-eabi/lib/thumb/v7e-m+fp/hard/libc_nano.a(libc_a-fwalk.o)
                              /Applications/STM32CubeIDE.app/Contents/Eclipse/plugins/com.st.stm32cube.ide.mcu.externaltools.gnu-tools-for-stm32.11.3.rel1.macos64_1.1.100.202310310803/tools/bin/../lib/gcc/arm-none-eabi/11.3.1/../../../../arm-none-eabi/lib/thumb/v7e-m+fp/hard/libc_nano.a(libc_a-findfp.o) (_fwalk_sglue)
/Applications/STM32CubeIDE.app/Contents/Eclipse/plugins/com.st.stm32cube.ide.mcu.externaltools.gnu-tools-for-stm32.11.3.rel1.macos64_1.1.100.202310310803/tools/bin/../lib/gcc/arm-none-eabi/11.3.1/../../../../arm-none-eabi/lib/thumb/v7e-m+fp/hard/libc_nano.a(libc_a-memset.o)
                              /Applications/STM32CubeIDE.app/Contents/Eclipse/plugins/com.st.stm32cube.ide.mcu.externaltools.gnu-tools-for-stm32.11.3.rel1.macos64_1.1.100.202310310803/tools/bin/../lib/gcc/arm-none-eabi/11.3.1/../../../../arm-none-eabi/lib/thumb/v7e-m+fp/hard/crt0.o (memset)
/Applications/STM32CubeIDE.app/Contents/Eclipse/plugins/com.st.stm32cube.ide.mcu.externaltools.gnu-tools-for-stm32.11.3.rel1.macos64_1.1.100.202310310803/tools/bin/../lib/gcc/arm-none-eabi/11.3.1/../../../../arm-none-eabi/lib/thumb/v7e-m+fp/hard/libc_nano.a(libc_a-impure.o)
                              /Applications/STM32CubeIDE.app/Contents/Eclipse/plugins/com.st.stm32cube.ide.mcu.externaltools.gnu-tools-for-stm32.11.3.rel1.macos64_1.1.100.202310310803/tools/bin/../lib/gcc/arm-none-eabi/11.3.1/../../../../arm-none-eabi/lib/thumb/v7e-m+fp/hard/libc_nano.a(libc_a-malloc.o) (_impure_ptr)
[...]
Memory Configuration

Name             Origin             Length             Attributes
RAM              0x0000000020000000 0x0000000000020000 xrw
FLASH            0x0000000008000000 0x0000000000080000 xr
*default*        0x0000000000000000 0xffffffffffffffff

Linker script and memory map

LOAD /Applications/STM32CubeIDE.app/Contents/Eclipse/plugins/com.st.stm32cube.ide.mcu.externaltools.gnu-tools-for-stm32.11.3.rel1.macos64_1.1.100.202310310803/tools/bin/../lib/gcc/arm-none-eabi/11.3.1/thumb/v7e-m+fp/hard/crti.o
LOAD /Applications/STM32CubeIDE.app/Contents/Eclipse/plugins/com.st.stm32cube.ide.mcu.externaltools.gnu-tools-for-stm32.11.3.rel1.macos64_1.1.100.202310310803/tools/bin/../lib/gcc/arm-none-eabi/11.3.1/thumb/v7e-m+fp/hard/crtbegin.o
LOAD /Applications/STM32CubeIDE.app/Contents/Eclipse/plugins/com.st.stm32cube.ide.mcu.externaltools.gnu-tools-for-stm32.11.3.rel1.macos64_1.1.100.202310310803/tools/bin/../lib/gcc/arm-none-eabi/11.3.1/../../../../arm-none-eabi/lib/thumb/v7e-m+fp/hard/crt0.o
LOAD ./Core/Src/i3g4250d.o
LOAD ./Core/Src/l3gd20.o
LOAD ./Core/Src/lsm303agr.o
LOAD ./Core/Src/lsm303dlhc.o
LOAD ./Core/Src/main.o
LOAD ./Core/Src/stm32f411e_discovery.o
LOAD ./Core/Src/stm32f411e_discovery_accelerometer.o
LOAD ./Core/Src/stm32f411e_discovery_gyroscope.o
LOAD ./Core/Src/stm32f4xx_hal_msp.o
LOAD ./Core/Src/stm32f4xx_it.o
LOAD ./Core/Src/syscalls.o
LOAD ./Core/Src/sysmem.o
LOAD ./Core/Src/system_stm32f4xx.o
LOAD ./Core/Startup/startup_stm32f411vetx.o
LOAD ./Drivers/STM32F4xx_HAL_Driver/Src/stm32f4xx_hal.o
LOAD ./Drivers/STM32F4xx_HAL_Driver/Src/stm32f4xx_hal_cortex.o
LOAD ./Drivers/STM32F4xx_HAL_Driver/Src/stm32f4xx_hal_dma.o
LOAD ./Drivers/STM32F4xx_HAL_Driver/Src/stm32f4xx_hal_dma_ex.o
LOAD ./Drivers/STM32F4xx_HAL_Driver/Src/stm32f4xx_hal_exti.o
LOAD ./Drivers/STM32F4xx_HAL_Driver/Src/stm32f4xx_hal_flash.o
LOAD ./Drivers/STM32F4xx_HAL_Driver/Src/stm32f4xx_hal_flash_ex.o
LOAD ./Drivers/STM32F4xx_HAL_Driver/Src/stm32f4xx_hal_flash_ramfunc.o
LOAD ./Drivers/STM32F4xx_HAL_Driver/Src/stm32f4xx_hal_gpio.o
LOAD ./Drivers/STM32F4xx_HAL_Driver/Src/stm32f4xx_hal_hcd.o
LOAD ./Drivers/STM32F4xx_HAL_Driver/Src/stm32f4xx_hal_i2c.o
LOAD ./Drivers/STM32F4xx_HAL_Driver/Src/stm32f4xx_hal_i2c_ex.o
LOAD ./Drivers/STM32F4xx_HAL_Driver/Src/stm32f4xx_hal_i2s.o
LOAD ./Drivers/STM32F4xx_HAL_Driver/Src/stm32f4xx_hal_i2s_ex.o
LOAD ./Drivers/STM32F4xx_HAL_Driver/Src/stm32f4xx_hal_pwr.o
LOAD ./Drivers/STM32F4xx_HAL_Driver/Src/stm32f4xx_hal_pwr_ex.o
LOAD ./Drivers/STM32F4xx_HAL_Driver/Src/stm32f4xx_hal_rcc.o
LOAD ./Drivers/STM32F4xx_HAL_Driver/Src/stm32f4xx_hal_rcc_ex.o
LOAD ./Drivers/STM32F4xx_HAL_Driver/Src/stm32f4xx_hal_spi.o
LOAD ./Drivers/STM32F4xx_HAL_Driver/Src/stm32f4xx_hal_tim.o
LOAD ./Drivers/STM32F4xx_HAL_Driver/Src/stm32f4xx_hal_tim_ex.o
LOAD ./Drivers/STM32F4xx_HAL_Driver/Src/stm32f4xx_hal_uart.o
LOAD ./Drivers/STM32F4xx_HAL_Driver/Src/stm32f4xx_ll_usb.o
LOAD ./Middlewares/ST/STM32_USB_Host_Library/Class/CDC/Src/usbh_cdc.o
LOAD ./Middlewares/ST/STM32_USB_Host_Library/Core/Src/usbh_core.o
LOAD ./Middlewares/ST/STM32_USB_Host_Library/Core/Src/usbh_ctlreq.o
LOAD ./Middlewares/ST/STM32_USB_Host_Library/Core/Src/usbh_ioreq.o
LOAD ./Middlewares/ST/STM32_USB_Host_Library/Core/Src/usbh_pipes.o
LOAD ./USB_HOST/App/usb_host.o
LOAD ./USB_HOST/Target/usbh_conf.o
LOAD ./USB_HOST/Target/usbh_platform.o
START GROUP
LOAD /Applications/STM32CubeIDE.app/Contents/Eclipse/plugins/com.st.stm32cube.ide.mcu.externaltools.gnu-tools-for-stm32.11.3.rel1.macos64_1.1.100.202310310803/tools/bin/../lib/gcc/arm-none-eabi/11.3.1/../../../../arm-none-eabi/lib/thumb/v7e-m+fp/hard/libc_nano.a
LOAD /Applications/STM32CubeIDE.app/Contents/Eclipse/plugins/com.st.stm32cube.ide.mcu.externaltools.gnu-tools-for-stm32.11.3.rel1.macos64_1.1.100.202310310803/tools/bin/../lib/gcc/arm-none-eabi/11.3.1/../../../../arm-none-eabi/lib/thumb/v7e-m+fp/hard/libm.a
END GROUP
START GROUP
LOAD /Applications/STM32CubeIDE.app/Contents/Eclipse/plugins/com.st.stm32cube.ide.mcu.externaltools.gnu-tools-for-stm32.11.3.rel1.macos64_1.1.100.202310310803/tools/bin/../lib/gcc/arm-none-eabi/11.3.1/thumb/v7e-m+fp/hard/libgcc.a
LOAD /Applications/STM32CubeIDE.app/Contents/Eclipse/plugins/com.st.stm32cube.ide.mcu.externaltools.gnu-tools-for-stm32.11.3.rel1.macos64_1.1.100.202310310803/tools/bin/../lib/gcc/arm-none-eabi/11.3.1/../../../../arm-none-eabi/lib/thumb/v7e-m+fp/hard/libc_nano.a
END GROUP
START GROUP
LOAD /Applications/STM32CubeIDE.app/Contents/Eclipse/plugins/com.st.stm32cube.ide.mcu.externaltools.gnu-tools-for-stm32.11.3.rel1.macos64_1.1.100.202310310803/tools/bin/../lib/gcc/arm-none-eabi/11.3.1/thumb/v7e-m+fp/hard/libgcc.a
LOAD /Applications/STM32CubeIDE.app/Contents/Eclipse/plugins/com.st.stm32cube.ide.mcu.externaltools.gnu-tools-for-stm32.11.3.rel1.macos64_1.1.100.202310310803/tools/bin/../lib/gcc/arm-none-eabi/11.3.1/../../../../arm-none-eabi/lib/thumb/v7e-m+fp/hard/libc_nano.a
LOAD /Applications/STM32CubeIDE.app/Contents/Eclipse/plugins/com.st.stm32cube.ide.mcu.externaltools.gnu-tools-for-stm32.11.3.rel1.macos64_1.1.100.202310310803/tools/bin/../lib/gcc/arm-none-eabi/11.3.1/../../../../arm-none-eabi/lib/thumb/v7e-m+fp/hard/libnosys.a
END GROUP
START GROUP
LOAD /Applications/STM32CubeIDE.app/Contents/Eclipse/plugins/com.st.stm32cube.ide.mcu.externaltools.gnu-tools-for-stm32.11.3.rel1.macos64_1.1.100.202310310803/tools/bin/../lib/gcc/arm-none-eabi/11.3.1/thumb/v7e-m+fp/hard/libgcc.a
LOAD /Applications/STM32CubeIDE.app/Contents/Eclipse/plugins/com.st.stm32cube.ide.mcu.externaltools.gnu-tools-for-stm32.11.3.rel1.macos64_1.1.100.202310310803/tools/bin/../lib/gcc/arm-none-eabi/11.3.1/../../../../arm-none-eabi/lib/thumb/v7e-m+fp/hard/libc_nano.a
LOAD /Applications/STM32CubeIDE.app/Contents/Eclipse/plugins/com.st.stm32cube.ide.mcu.externaltools.gnu-tools-for-stm32.11.3.rel1.macos64_1.1.100.202310310803/tools/bin/../lib/gcc/arm-none-eabi/11.3.1/../../../../arm-none-eabi/lib/thumb/v7e-m+fp/hard/libnosys.a
END GROUP
LOAD /Applications/STM32CubeIDE.app/Contents/Eclipse/plugins/com.st.stm32cube.ide.mcu.externaltools.gnu-tools-for-stm32.11.3.rel1.macos64_1.1.100.202310310803/tools/bin/../lib/gcc/arm-none-eabi/11.3.1/thumb/v7e-m+fp/hard/crtend.o
LOAD /Applications/STM32CubeIDE.app/Contents/Eclipse/plugins/com.st.stm32cube.ide.mcu.externaltools.gnu-tools-for-stm32.11.3.rel1.macos64_1.1.100.202310310803/tools/bin/../lib/gcc/arm-none-eabi/11.3.1/thumb/v7e-m+fp/hard/crtn.o
                0x0000000020020000                _estack = (ORIGIN (RAM) + LENGTH (RAM))
                0x0000000000000200                _Min_Heap_Size = 0x200
                0x0000000000000400                _Min_Stack_Size = 0x400

.isr_vector     0x0000000008000000      0x198
                0x0000000008000000                . = ALIGN (0x4)
 *(.isr_vector)
 .isr_vector    0x0000000008000000      0x198 ./Core/Startup/startup_stm32f411vetx.o
                0x0000000008000000                g_pfnVectors
                0x0000000008000198                . = ALIGN (0x4)

.text           0x00000000080001a0     0xe1a8
                0x00000000080001a0                . = ALIGN (0x4)
 *(.text)
 .text          0x00000000080001a0       0x40 /Applications/STM32CubeIDE.app/Contents/Eclipse/plugins/com.st.stm32cube.ide.mcu.externaltools.gnu-tools-for-stm32.11.3.rel1.macos64_1.1.100.202310310803/tools/bin/../lib/gcc/arm-none-eabi/11.3.1/thumb/v7e-m+fp/hard/crtbegin.o
 .text          0x00000000080001e0       0x10 /Applications/STM32CubeIDE.app/Contents/Eclipse/plugins/com.st.stm32cube.ide.mcu.externaltools.gnu-tools-for-stm32.11.3.rel1.macos64_1.1.100.202310310803/tools/bin/../lib/gcc/arm-none-eabi/11.3.1/../../../../arm-none-eabi/lib/thumb/v7e-m+fp/hard/libc_nano.a(libc_a-strlen.o)
                0x00000000080001e0                strlen
 .text          0x00000000080001f0       0xa0 /Applications/STM32CubeIDE.app/Contents/Eclipse/plugins/com.st.stm32cube.ide.mcu.externaltools.gnu-tools-for-stm32.11.3.rel1.macos64_1.1.100.202310310803/tools/bin/../lib/gcc/arm-none-eabi/11.3.1/../../../../arm-none-eabi/lib/thumb/v7e-m+fp/hard/libc_nano.a(libc_a-memchr.o)
                0x00000000080001f0                memchr
 .text          0x0000000008000290       0x30 /Applications/STM32CubeIDE.app/Contents/Eclipse/plugins/com.st.stm32cube.ide.mcu.externaltools.gnu-tools-for-stm32.11.3.rel1.macos64_1.1.100.202310310803/tools/bin/../lib/gcc/arm-none-eabi/11.3.1/thumb/v7e-m+fp/hard/libgcc.a(_aeabi_uldivmod.o)
                0x0000000008000290                __aeabi_uldivmod
 .text          0x00000000080002c0      0x2c8 /Applications/STM32CubeIDE.app/Contents/Eclipse/plugins/com.st.stm32cube.ide.mcu.externaltools.gnu-tools-for-stm32.11.3.rel1.macos64_1.1.100.202310310803/tools/bin/../lib/gcc/arm-none-eabi/11.3.1/thumb/v7e-m+fp/hard/libgcc.a(_udivmoddi4.o)
                0x00000000080002c0                __udivmoddi4
 .text          0x0000000008000588        0x4 /Applications/STM32CubeIDE.app/Contents/Eclipse/plugins/com.st.stm32cube.ide.mcu.externaltools.gnu-tools-for-stm32.11.3.rel1.macos64_1.1.100.202310310803/tools/bin/../lib/gcc/arm-none-eabi/11.3.1/thumb/v7e-m+fp/hard/libgcc.a(_dvmd_tls.o)
                0x0000000008000588                __aeabi_ldiv0
                0x0000000008000588                __aeabi_idiv0
 *(.text*)
 .text.I3G4250D_Init
                0x000000000800058c       0x46 ./Core/Src/i3g4250d.o
                0x000000000800058c                I3G4250D_Init
 .text.I3G4250D_DeInit
                0x00000000080005d2        0xe ./Core/Src/i3g4250d.o
                0x00000000080005d2                I3G4250D_DeInit
 .text.I3G4250D_ReadID
                0x00000000080005e0       0x20 ./Core/Src/i3g4250d.o
                0x00000000080005e0                I3G4250D_ReadID
 .text.I3G4250D_RebootCmd
                0x0000000008000600       0x30 ./Core/Src/i3g4250d.o
                0x0000000008000600                I3G4250D_RebootCmd
 .text.I3G4250D_LowPower
                0x0000000008000630       0x2a ./Core/Src/i3g4250d.o
                0x0000000008000630                I3G4250D_LowPower
 .text.I3G4250D_INT1InterruptConfig
                0x000000000800065a       0x86 ./Core/Src/i3g4250d.o
                0x000000000800065a                I3G4250D_INT1InterruptConfig
 .text.I3G4250D_EnableIT
                0x00000000080006e0       0x64 ./Core/Src/i3g4250d.o
                0x00000000080006e0                I3G4250D_EnableIT
 .text.I3G4250D_DisableIT
                0x0000000008000744       0x58 ./Core/Src/i3g4250d.o
                0x0000000008000744                I3G4250D_DisableIT
 .text.I3G4250D_FilterConfig
                0x000000000800079c       0x42 ./Core/Src/i3g4250d.o
                0x000000000800079c                I3G4250D_FilterConfig
 .text.I3G4250D_FilterCmd
                0x00000000080007de       0x42 ./Core/Src/i3g4250d.o
                0x00000000080007de                I3G4250D_FilterCmd
 .text.I3G4250D_ReadXYZAngRate
                0x0000000008000820      0x158 ./Core/Src/i3g4250d.o
                0x0000000008000820                I3G4250D_ReadXYZAngRate
 .text.L3GD20_Init
                0x0000000008000978       0x46 ./Core/Src/l3gd20.o
                0x0000000008000978                L3GD20_Init
 .text.L3GD20_DeInit
                0x00000000080009be        0xe ./Core/Src/l3gd20.o
                0x00000000080009be                L3GD20_DeInit
 .text.L3GD20_ReadID
                0x00000000080009cc       0x20 ./Core/Src/l3gd20.o
                0x00000000080009cc                L3GD20_ReadID
 .text.L3GD20_RebootCmd
                0x00000000080009ec       0x30 ./Core/Src/l3gd20.o
                0x00000000080009ec                L3GD20_RebootCmd
 .text.L3GD20_LowPower
                0x0000000008000a1c       0x2a ./Core/Src/l3gd20.o
                0x0000000008000a1c                L3GD20_LowPower
 .text.L3GD20_INT1InterruptConfig
                0x0000000008000a46       0x86 ./Core/Src/l3gd20.o
                0x0000000008000a46                L3GD20_INT1InterruptConfig
 .text.L3GD20_EnableIT
                0x0000000008000acc       0x64 ./Core/Src/l3gd20.o
                0x0000000008000acc                L3GD20_EnableIT
 .text.L3GD20_DisableIT
                0x0000000008000b30       0x58 ./Core/Src/l3gd20.o
                0x0000000008000b30                L3GD20_DisableIT
 .text.L3GD20_FilterConfig
                0x0000000008000b88       0x42 ./Core/Src/l3gd20.o
                0x0000000008000b88                L3GD20_FilterConfig
 .text.L3GD20_FilterCmd
                0x0000000008000bca       0x42 ./Core/Src/l3gd20.o
                0x0000000008000bca                L3GD20_FilterCmd
 .text.L3GD20_ReadXYZAngRate
                0x0000000008000c0c      0x158 ./Core/Src/l3gd20.o
                0x0000000008000c0c                L3GD20_ReadXYZAngRate
 .text.LSM303AGR_AccInit
                0x0000000008000d64       0x3a ./Core/Src/lsm303agr.o
                0x0000000008000d64                LSM303AGR_AccInit
 .text.LSM303AGR_AccDeInit
                0x0000000008000d9e        0xe ./Core/Src/lsm303agr.o
                0x0000000008000d9e                LSM303AGR_AccDeInit
 .text.LSM303AGR_AccReadID
                0x0000000008000dac       0x24 ./Core/Src/lsm303agr.o
                0x0000000008000dac                LSM303AGR_AccReadID
 .text.LSM303AGR_AccRebootCmd
                0x0000000008000dd0       0x2e ./Core/Src/lsm303agr.o
                0x0000000008000dd0                LSM303AGR_AccRebootCmd
 .text.LSM303AGR_AccFilterConfig
                0x0000000008000dfe       0x3a ./Core/Src/lsm303agr.o
                0x0000000008000dfe                LSM303AGR_AccFilterConfig
 .text.LSM303AGR_AccFilterCmd
                0x0000000008000e38       0x3a ./Core/Src/lsm303agr.o
                0x0000000008000e38                LSM303AGR_AccFilterCmd
 .text.LSM303AGR_AccReadXYZ
                0x0000000008000e72      0x190 ./Core/Src/lsm303agr.o
                0x0000000008000e72                LSM303AGR_AccReadXYZ
 .text.LSM303AGR_AccFilterClickCmd
                0x0000000008001002       0x3e ./Core/Src/lsm303agr.o
                0x0000000008001002                LSM303AGR_AccFilterClickCmd
 .text.LSM303AGR_AccIT1Enable
                0x0000000008001040       0x36 ./Core/Src/lsm303agr.o
                0x0000000008001040                LSM303AGR_AccIT1Enable
 .text.LSM303AGR_AccClickITEnable
                0x0000000008001076       0x72 ./Core/Src/lsm303agr.o
                0x0000000008001076                LSM303AGR_AccClickITEnable
 .text.LSM303AGR_AccZClickITConfig
                0x00000000080010e8       0x1e ./Core/Src/lsm303agr.o
                0x00000000080010e8                LSM303AGR_AccZClickITConfig
 .text.LSM303DLHC_AccInit
                0x0000000008001106       0x3a ./Core/Src/lsm303dlhc.o
                0x0000000008001106                LSM303DLHC_AccInit
 .text.LSM303DLHC_AccDeInit
                0x0000000008001140        0xe ./Core/Src/lsm303dlhc.o
                0x0000000008001140                LSM303DLHC_AccDeInit
 .text.LSM303DLHC_AccReadID
                0x000000000800114e       0x24 ./Core/Src/lsm303dlhc.o
                0x000000000800114e                LSM303DLHC_AccReadID
 .text.LSM303DLHC_AccRebootCmd
                0x0000000008001172       0x2e ./Core/Src/lsm303dlhc.o
                0x0000000008001172                LSM303DLHC_AccRebootCmd
 .text.LSM303DLHC_AccFilterConfig
                0x00000000080011a0       0x3a ./Core/Src/lsm303dlhc.o
                0x00000000080011a0                LSM303DLHC_AccFilterConfig
 .text.LSM303DLHC_AccFilterCmd
                0x00000000080011da       0x3a ./Core/Src/lsm303dlhc.o
                0x00000000080011da                LSM303DLHC_AccFilterCmd
 .text.LSM303DLHC_AccReadXYZ
                0x0000000008001214      0x190 ./Core/Src/lsm303dlhc.o
                0x0000000008001214                LSM303DLHC_AccReadXYZ
 .text.LSM303DLHC_AccFilterClickCmd
                0x00000000080013a4       0x3e ./Core/Src/lsm303dlhc.o
                0x00000000080013a4                LSM303DLHC_AccFilterClickCmd
 .text.LSM303DLHC_AccIT1Enable
                0x00000000080013e2       0x36 ./Core/Src/lsm303dlhc.o
                0x00000000080013e2                LSM303DLHC_AccIT1Enable
 .text.LSM303DLHC_AccClickITEnable
                0x0000000008001418       0x72 ./Core/Src/lsm303dlhc.o
                0x0000000008001418                LSM303DLHC_AccClickITEnable
 .text.LSM303DLHC_AccZClickITConfig
                0x000000000800148a       0x1e ./Core/Src/lsm303dlhc.o
                0x000000000800148a                LSM303DLHC_AccZClickITConfig
 .text.error    0x00000000080014a8       0x2c ./Core/Src/main.o
                0x00000000080014a8                error
 .text.success  0x00000000080014d4       0x2c ./Core/Src/main.o
                0x00000000080014d4                success
 .text.I2C_WriteData
                0x0000000008001500       0x4c ./Core/Src/main.o
 .text.I2C_ReadData
                0x000000000800154c       0x54 ./Core/Src/main.o
 .text.Accel_GetXYZ
                0x00000000080015a0       0xd4 ./Core/Src/main.o
                0x00000000080015a0                Accel_GetXYZ
 .text.Gyro_GetXYZ
                0x0000000008001674       0xa8 ./Core/Src/main.o
                0x0000000008001674                Gyro_GetXYZ
 .text.MagInit  0x000000000800171c       0x42 ./Core/Src/main.o
                0x000000000800171c                MagInit
 .text.Mag_GetXYZ
                0x000000000800175e       0xbe ./Core/Src/main.o
                0x000000000800175e                Mag_GetXYZ
 .text.main     0x000000000800181c      0x128 ./Core/Src/main.o
                0x000000000800181c                main
 .text.SystemClock_Config
                0x0000000008001944       0xd0 ./Core/Src/main.o
                0x0000000008001944                SystemClock_Config
 .text.PeriphCommonClock_Config
                0x0000000008001a14       0x40 ./Core/Src/main.o
                0x0000000008001a14                PeriphCommonClock_Config
 .text.MX_I2C1_Init
                0x0000000008001a54       0x5c ./Core/Src/main.o
 .text.MX_I2S2_Init
                0x0000000008001ab0       0x5c ./Core/Src/main.o
 .text.MX_I2S3_Init
                0x0000000008001b0c       0x60 ./Core/Src/main.o
 .text.MX_SPI1_Init
                0x0000000008001b6c       0x6c ./Core/Src/main.o
 .text.MX_USART2_UART_Init
                0x0000000008001bd8       0x54 ./Core/Src/main.o
 .text.MX_GPIO_Init
                0x0000000008001c2c      0x1b4 ./Core/Src/main.o
 .text.Error_Handler
                0x0000000008001de0        0xa ./Core/Src/main.o
                0x0000000008001de0                Error_Handler
 *fill*         0x0000000008001dea        0x2 
 .text.I2Cx_Init
                0x0000000008001dec       0x64 ./Core/Src/stm32f411e_discovery.o
 .text.I2Cx_WriteData
                0x0000000008001e50       0x50 ./Core/Src/stm32f411e_discovery.o
 .text.I2Cx_ReadData
                0x0000000008001ea0       0x58 ./Core/Src/stm32f411e_discovery.o
 .text.I2Cx_Error
                0x0000000008001ef8       0x18 ./Core/Src/stm32f411e_discovery.o
 .text.I2Cx_MspInit
                0x0000000008001f10       0xac ./Core/Src/stm32f411e_discovery.o
 .text.SPIx_Init
                0x0000000008001fbc       0x74 ./Core/Src/stm32f411e_discovery.o
 .text.SPIx_WriteRead
                0x0000000008002030       0x40 ./Core/Src/stm32f411e_discovery.o
 .text.SPIx_Error
                0x0000000008002070       0x18 ./Core/Src/stm32f411e_discovery.o
 .text.SPIx_MspInit
                0x0000000008002088       0x70 ./Core/Src/stm32f411e_discovery.o
 .text.GYRO_IO_Init
                0x00000000080020f8       0x94 ./Core/Src/stm32f411e_discovery.o
                0x00000000080020f8                GYRO_IO_Init
 .text.GYRO_IO_Write
                0x000000000800218c       0x64 ./Core/Src/stm32f411e_discovery.o
                0x000000000800218c                GYRO_IO_Write
 .text.GYRO_IO_Read
                0x00000000080021f0       0x74 ./Core/Src/stm32f411e_discovery.o
                0x00000000080021f0                GYRO_IO_Read
 .text.COMPASSACCELERO_IO_Init
                0x0000000008002264       0x50 ./Core/Src/stm32f411e_discovery.o
                0x0000000008002264                COMPASSACCELERO_IO_Init
 .text.COMPASSACCELERO_IO_ITConfig
                0x00000000080022b4       0x60 ./Core/Src/stm32f411e_discovery.o
                0x00000000080022b4                COMPASSACCELERO_IO_ITConfig
 .text.COMPASSACCELERO_IO_Write
                0x0000000008002314       0x26 ./Core/Src/stm32f411e_discovery.o
                0x0000000008002314                COMPASSACCELERO_IO_Write
 .text.COMPASSACCELERO_IO_Read
                0x000000000800233a       0x26 ./Core/Src/stm32f411e_discovery.o
                0x000000000800233a                COMPASSACCELERO_IO_Read
 .text.BSP_ACCELERO_Init
                0x0000000008002360      0x184 ./Core/Src/stm32f411e_discovery_accelerometer.o
                0x0000000008002360                BSP_ACCELERO_Init
 .text.BSP_ACCELERO_GetXYZ
                0x00000000080024e4       0x58 ./Core/Src/stm32f411e_discovery_accelerometer.o
                0x00000000080024e4                BSP_ACCELERO_GetXYZ
 .text.BSP_GYRO_Init
                0x000000000800253c      0x16c ./Core/Src/stm32f411e_discovery_gyroscope.o
                0x000000000800253c                BSP_GYRO_Init
 .text.BSP_GYRO_EnableIT
                0x00000000080026a8       0x2c ./Core/Src/stm32f411e_discovery_gyroscope.o
                0x00000000080026a8                BSP_GYRO_EnableIT
 .text.BSP_GYRO_DisableIT
                0x00000000080026d4       0x2c ./Core/Src/stm32f411e_discovery_gyroscope.o
                0x00000000080026d4                BSP_GYRO_DisableIT
 .text.BSP_GYRO_GetXYZ
                0x0000000008002700       0x28 ./Core/Src/stm32f411e_discovery_gyroscope.o
                0x0000000008002700                BSP_GYRO_GetXYZ
 .text.HAL_MspInit
                0x0000000008002728       0x50 ./Core/Src/stm32f4xx_hal_msp.o
                0x0000000008002728                HAL_MspInit
 .text.HAL_I2C_MspInit
                0x0000000008002778       0xa0 ./Core/Src/stm32f4xx_hal_msp.o
                0x0000000008002778                HAL_I2C_MspInit
 .text.HAL_I2C_MspDeInit
                0x0000000008002818       0x4c ./Core/Src/stm32f4xx_hal_msp.o
                0x0000000008002818                HAL_I2C_MspDeInit
 .text.HAL_I2S_MspInit
                0x0000000008002864      0x19c ./Core/Src/stm32f4xx_hal_msp.o
                0x0000000008002864                HAL_I2S_MspInit
 .text.HAL_SPI_MspInit
                0x0000000008002a00       0xa0 ./Core/Src/stm32f4xx_hal_msp.o
                0x0000000008002a00                HAL_SPI_MspInit
 .text.HAL_SPI_MspDeInit
                0x0000000008002aa0       0x40 ./Core/Src/stm32f4xx_hal_msp.o
                0x0000000008002aa0                HAL_SPI_MspDeInit
 .text.HAL_UART_MspInit
                0x0000000008002ae0       0xa0 ./Core/Src/stm32f4xx_hal_msp.o
                0x0000000008002ae0                HAL_UART_MspInit
 .text.NMI_Handler
                0x0000000008002b80        0x6 ./Core/Src/stm32f4xx_it.o
                0x0000000008002b80                NMI_Handler
 .text.HardFault_Handler
                0x0000000008002b86        0x6 ./Core/Src/stm32f4xx_it.o
                0x0000000008002b86                HardFault_Handler
 .text.MemManage_Handler
                0x0000000008002b8c        0x6 ./Core/Src/stm32f4xx_it.o
                0x0000000008002b8c                MemManage_Handler
 .text.BusFault_Handler
                0x0000000008002b92        0x6 ./Core/Src/stm32f4xx_it.o
                0x0000000008002b92                BusFault_Handler
 .text.UsageFault_Handler
                0x0000000008002b98        0x6 ./Core/Src/stm32f4xx_it.o
                0x0000000008002b98                UsageFault_Handler
 .text.SVC_Handler
                0x0000000008002b9e        0xe ./Core/Src/stm32f4xx_it.o
                0x0000000008002b9e                SVC_Handler
 .text.DebugMon_Handler
                0x0000000008002bac        0xe ./Core/Src/stm32f4xx_it.o
                0x0000000008002bac                DebugMon_Handler
 .text.PendSV_Handler
                0x0000000008002bba        0xe ./Core/Src/stm32f4xx_it.o
                0x0000000008002bba                PendSV_Handler
 .text.SysTick_Handler
                0x0000000008002bc8        0xc ./Core/Src/stm32f4xx_it.o
                0x0000000008002bc8                SysTick_Handler
 .text.I2C1_EV_IRQHandler
                0x0000000008002bd4       0x14 ./Core/Src/stm32f4xx_it.o
                0x0000000008002bd4                I2C1_EV_IRQHandler
 .text.SPI1_IRQHandler
                0x0000000008002be8       0x14 ./Core/Src/stm32f4xx_it.o
                0x0000000008002be8                SPI1_IRQHandler
 .text.USART2_IRQHandler
                0x0000000008002bfc       0x14 ./Core/Src/stm32f4xx_it.o
                0x0000000008002bfc                USART2_IRQHandler
 .text.OTG_FS_IRQHandler
                0x0000000008002c10       0x14 ./Core/Src/stm32f4xx_it.o
                0x0000000008002c10                OTG_FS_IRQHandler
 .text._sbrk    0x0000000008002c24       0x6c ./Core/Src/sysmem.o
                0x0000000008002c24                _sbrk
 .text.SystemInit
                0x0000000008002c90       0x24 ./Core/Src/system_stm32f4xx.o
                0x0000000008002c90                SystemInit
 .text.Reset_Handler
                0x0000000008002cb4       0x50 ./Core/Startup/startup_stm32f411vetx.o
                0x0000000008002cb4                Reset_Handler
 .text.Default_Handler
                0x0000000008002d04        0x2 ./Core/Startup/startup_stm32f411vetx.o
                0x0000000008002d04                DMA1_Stream3_IRQHandler
                0x0000000008002d04                EXTI2_IRQHandler
                0x0000000008002d04                SPI4_IRQHandler
                0x0000000008002d04                TIM1_CC_IRQHandler
                0x0000000008002d04                DMA2_Stream5_IRQHandler
                0x0000000008002d04                DMA1_Stream5_IRQHandler
                0x0000000008002d04                PVD_IRQHandler
                0x0000000008002d04                SDIO_IRQHandler
                0x0000000008002d04                TAMP_STAMP_IRQHandler
                0x0000000008002d04                EXTI3_IRQHandler
                0x0000000008002d04                TIM1_UP_TIM10_IRQHandler
                0x0000000008002d04                I2C3_ER_IRQHandler
                0x0000000008002d04                EXTI0_IRQHandler
                0x0000000008002d04                I2C2_EV_IRQHandler
                0x0000000008002d04                DMA1_Stream2_IRQHandler
                0x0000000008002d04                FPU_IRQHandler
                0x0000000008002d04                DMA2_Stream2_IRQHandler
                0x0000000008002d04                TIM1_BRK_TIM9_IRQHandler
                0x0000000008002d04                DMA2_Stream3_IRQHandler
                0x0000000008002d04                USART6_IRQHandler
                0x0000000008002d04                DMA2_Stream0_IRQHandler
                0x0000000008002d04                TIM4_IRQHandler
                0x0000000008002d04                DMA1_Stream6_IRQHandler
                0x0000000008002d04                DMA1_Stream1_IRQHandler
                0x0000000008002d04                TIM3_IRQHandler
                0x0000000008002d04                RCC_IRQHandler
                0x0000000008002d04                Default_Handler
                0x0000000008002d04                EXTI15_10_IRQHandler
                0x0000000008002d04                ADC_IRQHandler
                0x0000000008002d04                DMA1_Stream7_IRQHandler
                0x0000000008002d04                SPI5_IRQHandler
                0x0000000008002d04                TIM5_IRQHandler
                0x0000000008002d04                DMA2_Stream7_IRQHandler
                0x0000000008002d04                I2C3_EV_IRQHandler
                0x0000000008002d04                EXTI9_5_IRQHandler
                0x0000000008002d04                RTC_WKUP_IRQHandler
                0x0000000008002d04                SPI2_IRQHandler
                0x0000000008002d04                DMA1_Stream0_IRQHandler
                0x0000000008002d04                EXTI4_IRQHandler
                0x0000000008002d04                WWDG_IRQHandler
                0x0000000008002d04                TIM2_IRQHandler
                0x0000000008002d04                OTG_FS_WKUP_IRQHandler
                0x0000000008002d04                TIM1_TRG_COM_TIM11_IRQHandler
                0x0000000008002d04                EXTI1_IRQHandler
                0x0000000008002d04                I2C2_ER_IRQHandler
                0x0000000008002d04                DMA2_Stream1_IRQHandler
                0x0000000008002d04                FLASH_IRQHandler
                0x0000000008002d04                DMA2_Stream4_IRQHandler
                0x0000000008002d04                USART1_IRQHandler
                0x0000000008002d04                SPI3_IRQHandler
                0x0000000008002d04                DMA1_Stream4_IRQHandler
                0x0000000008002d04                I2C1_ER_IRQHandler
                0x0000000008002d04                DMA2_Stream6_IRQHandler
                0x0000000008002d04                RTC_Alarm_IRQHandler
 *fill*         0x0000000008002d06        0x2 
 .text.HAL_Init
                0x0000000008002d08       0x44 ./Drivers/STM32F4xx_HAL_Driver/Src/stm32f4xx_hal.o
                0x0000000008002d08                HAL_Init
 .text.HAL_InitTick
                0x0000000008002d4c       0x60 ./Drivers/STM32F4xx_HAL_Driver/Src/stm32f4xx_hal.o
                0x0000000008002d4c                HAL_InitTick
 .text.HAL_IncTick
                0x0000000008002dac       0x28 ./Drivers/STM32F4xx_HAL_Driver/Src/stm32f4xx_hal.o
                0x0000000008002dac                HAL_IncTick
 .text.HAL_GetTick
                0x0000000008002dd4       0x18 ./Drivers/STM32F4xx_HAL_Driver/Src/stm32f4xx_hal.o
                0x0000000008002dd4                HAL_GetTick
 .text.HAL_Delay
                0x0000000008002dec       0x48 ./Drivers/STM32F4xx_HAL_Driver/Src/stm32f4xx_hal.o
                0x0000000008002dec                HAL_Delay
 .text.__NVIC_SetPriorityGrouping
                0x0000000008002e34       0x48 ./Drivers/STM32F4xx_HAL_Driver/Src/stm32f4xx_hal_cortex.o
 .text.__NVIC_GetPriorityGrouping
                0x0000000008002e7c       0x1c ./Drivers/STM32F4xx_HAL_Driver/Src/stm32f4xx_hal_cortex.o
 .text.__NVIC_EnableIRQ
                0x0000000008002e98       0x3c ./Drivers/STM32F4xx_HAL_Driver/Src/stm32f4xx_hal_cortex.o
 .text.__NVIC_DisableIRQ
                0x0000000008002ed4       0x48 ./Drivers/STM32F4xx_HAL_Driver/Src/stm32f4xx_hal_cortex.o
 .text.__NVIC_SetPriority
                0x0000000008002f1c       0x54 ./Drivers/STM32F4xx_HAL_Driver/Src/stm32f4xx_hal_cortex.o
 .text.NVIC_EncodePriority
                0x0000000008002f70       0x66 ./Drivers/STM32F4xx_HAL_Driver/Src/stm32f4xx_hal_cortex.o
 *fill*         0x0000000008002fd6        0x2 
 .text.SysTick_Config
                0x0000000008002fd8       0x44 ./Drivers/STM32F4xx_HAL_Driver/Src/stm32f4xx_hal_cortex.o
 .text.HAL_NVIC_SetPriorityGrouping
                0x000000000800301c       0x16 ./Drivers/STM32F4xx_HAL_Driver/Src/stm32f4xx_hal_cortex.o
                0x000000000800301c                HAL_NVIC_SetPriorityGrouping
 .text.HAL_NVIC_SetPriority
                0x0000000008003032       0x38 ./Drivers/STM32F4xx_HAL_Driver/Src/stm32f4xx_hal_cortex.o
                0x0000000008003032                HAL_NVIC_SetPriority
 .text.HAL_NVIC_EnableIRQ
                0x000000000800306a       0x1c ./Drivers/STM32F4xx_HAL_Driver/Src/stm32f4xx_hal_cortex.o
                0x000000000800306a                HAL_NVIC_EnableIRQ
 .text.HAL_NVIC_DisableIRQ
                0x0000000008003086       0x1c ./Drivers/STM32F4xx_HAL_Driver/Src/stm32f4xx_hal_cortex.o
                0x0000000008003086                HAL_NVIC_DisableIRQ
 .text.HAL_SYSTICK_Config
                0x00000000080030a2       0x18 ./Drivers/STM32F4xx_HAL_Driver/Src/stm32f4xx_hal_cortex.o
                0x00000000080030a2                HAL_SYSTICK_Config
 .text.HAL_DMA_Abort
                0x00000000080030ba       0xe0 ./Drivers/STM32F4xx_HAL_Driver/Src/stm32f4xx_hal_dma.o
                0x00000000080030ba                HAL_DMA_Abort
 .text.HAL_DMA_Abort_IT
                0x000000000800319a       0x44 ./Drivers/STM32F4xx_HAL_Driver/Src/stm32f4xx_hal_dma.o
                0x000000000800319a                HAL_DMA_Abort_IT
 .text.HAL_DMA_GetState
                0x00000000080031de       0x1c ./Drivers/STM32F4xx_HAL_Driver/Src/stm32f4xx_hal_dma.o
                0x00000000080031de                HAL_DMA_GetState
 *fill*         0x00000000080031fa        0x2 
 .text.HAL_GPIO_Init
                0x00000000080031fc      0x308 ./Drivers/STM32F4xx_HAL_Driver/Src/stm32f4xx_hal_gpio.o
                0x00000000080031fc                HAL_GPIO_Init
 .text.HAL_GPIO_DeInit
                0x0000000008003504      0x1c8 ./Drivers/STM32F4xx_HAL_Driver/Src/stm32f4xx_hal_gpio.o
                0x0000000008003504                HAL_GPIO_DeInit
 .text.HAL_GPIO_WritePin
                0x00000000080036cc       0x32 ./Drivers/STM32F4xx_HAL_Driver/Src/stm32f4xx_hal_gpio.o
                0x00000000080036cc                HAL_GPIO_WritePin
 .text.HAL_HCD_Init
                0x00000000080036fe       0xc4 ./Drivers/STM32F4xx_HAL_Driver/Src/stm32f4xx_hal_hcd.o
                0x00000000080036fe                HAL_HCD_Init
 .text.HAL_HCD_HC_Init
                0x00000000080037c2      0x11e ./Drivers/STM32F4xx_HAL_Driver/Src/stm32f4xx_hal_hcd.o
                0x00000000080037c2                HAL_HCD_HC_Init
 .text.HAL_HCD_HC_Halt
                0x00000000080038e0       0x46 ./Drivers/STM32F4xx_HAL_Driver/Src/stm32f4xx_hal_hcd.o
                0x00000000080038e0                HAL_HCD_HC_Halt
 *fill*         0x0000000008003926        0x2 
 .text.HAL_HCD_HC_SubmitRequest
                0x0000000008003928      0x2ac ./Drivers/STM32F4xx_HAL_Driver/Src/stm32f4xx_hal_hcd.o
                0x0000000008003928                HAL_HCD_HC_SubmitRequest
 .text.HAL_HCD_IRQHandler
                0x0000000008003bd4      0x216 ./Drivers/STM32F4xx_HAL_Driver/Src/stm32f4xx_hal_hcd.o
                0x0000000008003bd4                HAL_HCD_IRQHandler
 .text.HAL_HCD_Start
                0x0000000008003dea       0x46 ./Drivers/STM32F4xx_HAL_Driver/Src/stm32f4xx_hal_hcd.o
                0x0000000008003dea                HAL_HCD_Start
 .text.HAL_HCD_Stop
                0x0000000008003e30       0x3a ./Drivers/STM32F4xx_HAL_Driver/Src/stm32f4xx_hal_hcd.o
                0x0000000008003e30                HAL_HCD_Stop
 .text.HAL_HCD_ResetPort
                0x0000000008003e6a       0x1c ./Drivers/STM32F4xx_HAL_Driver/Src/stm32f4xx_hal_hcd.o
                0x0000000008003e6a                HAL_HCD_ResetPort
 .text.HAL_HCD_HC_GetURBState
                0x0000000008003e86       0x28 ./Drivers/STM32F4xx_HAL_Driver/Src/stm32f4xx_hal_hcd.o
                0x0000000008003e86                HAL_HCD_HC_GetURBState
 .text.HAL_HCD_HC_GetXferCount
                0x0000000008003eae       0x28 ./Drivers/STM32F4xx_HAL_Driver/Src/stm32f4xx_hal_hcd.o
                0x0000000008003eae                HAL_HCD_HC_GetXferCount
 .text.HAL_HCD_GetCurrentFrame
                0x0000000008003ed6       0x1c ./Drivers/STM32F4xx_HAL_Driver/Src/stm32f4xx_hal_hcd.o
                0x0000000008003ed6                HAL_HCD_GetCurrentFrame
 .text.HAL_HCD_GetCurrentSpeed
                0x0000000008003ef2       0x1c ./Drivers/STM32F4xx_HAL_Driver/Src/stm32f4xx_hal_hcd.o
                0x0000000008003ef2                HAL_HCD_GetCurrentSpeed
 .text.HCD_HC_IN_IRQHandler
                0x0000000008003f0e      0x6aa ./Drivers/STM32F4xx_HAL_Driver/Src/stm32f4xx_hal_hcd.o
 .text.HCD_HC_OUT_IRQHandler
                0x00000000080045b8      0x6d2 ./Drivers/STM32F4xx_HAL_Driver/Src/stm32f4xx_hal_hcd.o
 .text.HCD_RXQLVL_IRQHandler
                0x0000000008004c8a      0x1a4 ./Drivers/STM32F4xx_HAL_Driver/Src/stm32f4xx_hal_hcd.o
 .text.HCD_Port_IRQHandler
                0x0000000008004e2e       0xe6 ./Drivers/STM32F4xx_HAL_Driver/Src/stm32f4xx_hal_hcd.o
 .text.HAL_I2C_Init
                0x0000000008004f14      0x288 ./Drivers/STM32F4xx_HAL_Driver/Src/stm32f4xx_hal_i2c.o
                0x0000000008004f14                HAL_I2C_Init
 .text.HAL_I2C_DeInit
                0x000000000800519c       0x5e ./Drivers/STM32F4xx_HAL_Driver/Src/stm32f4xx_hal_i2c.o
                0x000000000800519c                HAL_I2C_DeInit
 *fill*         0x00000000080051fa        0x2 
 .text.HAL_I2C_Mem_Write
                0x00000000080051fc      0x1f4 ./Drivers/STM32F4xx_HAL_Driver/Src/stm32f4xx_hal_i2c.o
                0x00000000080051fc                HAL_I2C_Mem_Write
 .text.HAL_I2C_Mem_Read
                0x00000000080053f0      0x44c ./Drivers/STM32F4xx_HAL_Driver/Src/stm32f4xx_hal_i2c.o
                0x00000000080053f0                HAL_I2C_Mem_Read
 .text.HAL_I2C_EV_IRQHandler
                0x000000000800583c      0x2a6 ./Drivers/STM32F4xx_HAL_Driver/Src/stm32f4xx_hal_i2c.o
                0x000000000800583c                HAL_I2C_EV_IRQHandler
 .text.HAL_I2C_MasterTxCpltCallback
                0x0000000008005ae2       0x14 ./Drivers/STM32F4xx_HAL_Driver/Src/stm32f4xx_hal_i2c.o
                0x0000000008005ae2                HAL_I2C_MasterTxCpltCallback
 .text.HAL_I2C_MasterRxCpltCallback
                0x0000000008005af6       0x14 ./Drivers/STM32F4xx_HAL_Driver/Src/stm32f4xx_hal_i2c.o
                0x0000000008005af6                HAL_I2C_MasterRxCpltCallback
 .text.HAL_I2C_SlaveTxCpltCallback
                0x0000000008005b0a       0x14 ./Drivers/STM32F4xx_HAL_Driver/Src/stm32f4xx_hal_i2c.o
                0x0000000008005b0a                HAL_I2C_SlaveTxCpltCallback
 .text.HAL_I2C_SlaveRxCpltCallback
                0x0000000008005b1e       0x14 ./Drivers/STM32F4xx_HAL_Driver/Src/stm32f4xx_hal_i2c.o
                0x0000000008005b1e                HAL_I2C_SlaveRxCpltCallback
 .text.HAL_I2C_AddrCallback
                0x0000000008005b32       0x1c ./Drivers/STM32F4xx_HAL_Driver/Src/stm32f4xx_hal_i2c.o
                0x0000000008005b32                HAL_I2C_AddrCallback
 .text.HAL_I2C_ListenCpltCallback
                0x0000000008005b4e       0x14 ./Drivers/STM32F4xx_HAL_Driver/Src/stm32f4xx_hal_i2c.o
                0x0000000008005b4e                HAL_I2C_ListenCpltCallback
 .text.HAL_I2C_MemTxCpltCallback
                0x0000000008005b62       0x14 ./Drivers/STM32F4xx_HAL_Driver/Src/stm32f4xx_hal_i2c.o
                0x0000000008005b62                HAL_I2C_MemTxCpltCallback
 .text.HAL_I2C_MemRxCpltCallback
                0x0000000008005b76       0x14 ./Drivers/STM32F4xx_HAL_Driver/Src/stm32f4xx_hal_i2c.o
                0x0000000008005b76                HAL_I2C_MemRxCpltCallback
 .text.HAL_I2C_ErrorCallback
                0x0000000008005b8a       0x14 ./Drivers/STM32F4xx_HAL_Driver/Src/stm32f4xx_hal_i2c.o
                0x0000000008005b8a                HAL_I2C_ErrorCallback
 .text.HAL_I2C_AbortCpltCallback
                0x0000000008005b9e       0x14 ./Drivers/STM32F4xx_HAL_Driver/Src/stm32f4xx_hal_i2c.o
                0x0000000008005b9e                HAL_I2C_AbortCpltCallback
 .text.HAL_I2C_GetState
                0x0000000008005bb2       0x1c ./Drivers/STM32F4xx_HAL_Driver/Src/stm32f4xx_hal_i2c.o
                0x0000000008005bb2                HAL_I2C_GetState
 .text.I2C_MasterTransmit_TXE
                0x0000000008005bce      0x138 ./Drivers/STM32F4xx_HAL_Driver/Src/stm32f4xx_hal_i2c.o
 .text.I2C_MasterTransmit_BTF
                0x0000000008005d06       0xec ./Drivers/STM32F4xx_HAL_Driver/Src/stm32f4xx_hal_i2c.o
 .text.I2C_MemoryTransmit_TXE_BTF
                0x0000000008005df2      0x128 ./Drivers/STM32F4xx_HAL_Driver/Src/stm32f4xx_hal_i2c.o
 .text.I2C_MasterReceive_RXNE
                0x0000000008005f1a      0x176 ./Drivers/STM32F4xx_HAL_Driver/Src/stm32f4xx_hal_i2c.o
 .text.I2C_MasterReceive_BTF
                0x0000000008006090      0x1d4 ./Drivers/STM32F4xx_HAL_Driver/Src/stm32f4xx_hal_i2c.o
 .text.I2C_Master_SB
                0x0000000008006264      0x10c ./Drivers/STM32F4xx_HAL_Driver/Src/stm32f4xx_hal_i2c.o
 .text.I2C_Master_ADD10
                0x0000000008006370       0x54 ./Drivers/STM32F4xx_HAL_Driver/Src/stm32f4xx_hal_i2c.o
 .text.I2C_Master_ADDR
                0x00000000080063c4      0x322 ./Drivers/STM32F4xx_HAL_Driver/Src/stm32f4xx_hal_i2c.o
 .text.I2C_SlaveTransmit_TXE
                0x00000000080066e6       0x7a ./Drivers/STM32F4xx_HAL_Driver/Src/stm32f4xx_hal_i2c.o
 .text.I2C_SlaveTransmit_BTF
                0x0000000008006760       0x42 ./Drivers/STM32F4xx_HAL_Driver/Src/stm32f4xx_hal_i2c.o
 .text.I2C_SlaveReceive_RXNE
                0x00000000080067a2       0x7c ./Drivers/STM32F4xx_HAL_Driver/Src/stm32f4xx_hal_i2c.o
 .text.I2C_SlaveReceive_BTF
                0x000000000800681e       0x44 ./Drivers/STM32F4xx_HAL_Driver/Src/stm32f4xx_hal_i2c.o
 .text.I2C_Slave_ADDR
                0x0000000008006862       0x90 ./Drivers/STM32F4xx_HAL_Driver/Src/stm32f4xx_hal_i2c.o
 *fill*         0x00000000080068f2        0x2 
 .text.I2C_Slave_STOPF
                0x00000000080068f4      0x260 ./Drivers/STM32F4xx_HAL_Driver/Src/stm32f4xx_hal_i2c.o
 .text.I2C_ITError
                0x0000000008006b54      0x264 ./Drivers/STM32F4xx_HAL_Driver/Src/stm32f4xx_hal_i2c.o
 .text.I2C_RequestMemoryWrite
                0x0000000008006db8      0x12c ./Drivers/STM32F4xx_HAL_Driver/Src/stm32f4xx_hal_i2c.o
 .text.I2C_RequestMemoryRead
                0x0000000008006ee4      0x1d0 ./Drivers/STM32F4xx_HAL_Driver/Src/stm32f4xx_hal_i2c.o
 .text.I2C_DMAAbort
                0x00000000080070b4      0x150 ./Drivers/STM32F4xx_HAL_Driver/Src/stm32f4xx_hal_i2c.o
 .text.I2C_WaitOnFlagUntilTimeout
                0x0000000008007204       0xae ./Drivers/STM32F4xx_HAL_Driver/Src/stm32f4xx_hal_i2c.o
 .text.I2C_WaitOnMasterAddressFlagUntilTimeout
                0x00000000080072b2       0xfe ./Drivers/STM32F4xx_HAL_Driver/Src/stm32f4xx_hal_i2c.o
 .text.I2C_WaitOnTXEFlagUntilTimeout
                0x00000000080073b0       0x82 ./Drivers/STM32F4xx_HAL_Driver/Src/stm32f4xx_hal_i2c.o
 .text.I2C_WaitOnBTFFlagUntilTimeout
                0x0000000008007432       0x82 ./Drivers/STM32F4xx_HAL_Driver/Src/stm32f4xx_hal_i2c.o
 .text.I2C_WaitOnSTOPRequestThroughIT
                0x00000000080074b4       0x64 ./Drivers/STM32F4xx_HAL_Driver/Src/stm32f4xx_hal_i2c.o
 .text.I2C_WaitOnRXNEFlagUntilTimeout
                0x0000000008007518       0xac ./Drivers/STM32F4xx_HAL_Driver/Src/stm32f4xx_hal_i2c.o
 .text.I2C_IsAcknowledgeFailed
                0x00000000080075c4       0x5e ./Drivers/STM32F4xx_HAL_Driver/Src/stm32f4xx_hal_i2c.o
 .text.I2C_ConvertOtherXferOptions
                0x0000000008007622       0x36 ./Drivers/STM32F4xx_HAL_Driver/Src/stm32f4xx_hal_i2c.o
 .text.HAL_I2S_Init
                0x0000000008007658      0x280 ./Drivers/STM32F4xx_HAL_Driver/Src/stm32f4xx_hal_i2s.o
                0x0000000008007658                HAL_I2S_Init
 .text.HAL_I2S_TxCpltCallback
                0x00000000080078d8       0x14 ./Drivers/STM32F4xx_HAL_Driver/Src/stm32f4xx_hal_i2s.o
                0x00000000080078d8                HAL_I2S_TxCpltCallback
 .text.HAL_I2S_RxCpltCallback
                0x00000000080078ec       0x14 ./Drivers/STM32F4xx_HAL_Driver/Src/stm32f4xx_hal_i2s.o
                0x00000000080078ec                HAL_I2S_RxCpltCallback
 .text.HAL_I2S_ErrorCallback
                0x0000000008007900       0x14 ./Drivers/STM32F4xx_HAL_Driver/Src/stm32f4xx_hal_i2s.o
                0x0000000008007900                HAL_I2S_ErrorCallback
 .text.I2S_Transmit_IT
                0x0000000008007914       0x5c ./Drivers/STM32F4xx_HAL_Driver/Src/stm32f4xx_hal_i2s.o
 .text.I2S_Receive_IT
                0x0000000008007970       0x5e ./Drivers/STM32F4xx_HAL_Driver/Src/stm32f4xx_hal_i2s.o
 .text.I2S_IRQHandler
                0x00000000080079ce      0x114 ./Drivers/STM32F4xx_HAL_Driver/Src/stm32f4xx_hal_i2s.o
 *fill*         0x0000000008007ae2        0x2 
 .text.HAL_I2SEx_FullDuplex_IRQHandler
                0x0000000008007ae4      0x2a8 ./Drivers/STM32F4xx_HAL_Driver/Src/stm32f4xx_hal_i2s_ex.o
                0x0000000008007ae4                HAL_I2SEx_FullDuplex_IRQHandler
 .text.HAL_I2SEx_TxRxCpltCallback
                0x0000000008007d8c       0x14 ./Drivers/STM32F4xx_HAL_Driver/Src/stm32f4xx_hal_i2s_ex.o
                0x0000000008007d8c                HAL_I2SEx_TxRxCpltCallback
 .text.I2SEx_TxISR_I2S
                0x0000000008007da0       0x62 ./Drivers/STM32F4xx_HAL_Driver/Src/stm32f4xx_hal_i2s_ex.o
 *fill*         0x0000000008007e02        0x2 
 .text.I2SEx_TxISR_I2SExt
                0x0000000008007e04       0x98 ./Drivers/STM32F4xx_HAL_Driver/Src/stm32f4xx_hal_i2s_ex.o
 .text.I2SEx_RxISR_I2S
                0x0000000008007e9c       0x64 ./Drivers/STM32F4xx_HAL_Driver/Src/stm32f4xx_hal_i2s_ex.o
 .text.I2SEx_RxISR_I2SExt
                0x0000000008007f00       0x98 ./Drivers/STM32F4xx_HAL_Driver/Src/stm32f4xx_hal_i2s_ex.o
 .text.HAL_RCC_OscConfig
                0x0000000008007f98      0x4f0 ./Drivers/STM32F4xx_HAL_Driver/Src/stm32f4xx_hal_rcc.o
                0x0000000008007f98                HAL_RCC_OscConfig
 .text.HAL_RCC_ClockConfig
                0x0000000008008488      0x1cc ./Drivers/STM32F4xx_HAL_Driver/Src/stm32f4xx_hal_rcc.o
                0x0000000008008488                HAL_RCC_ClockConfig
 .text.HAL_RCC_GetSysClockFreq
                0x0000000008008654      0x20c ./Drivers/STM32F4xx_HAL_Driver/Src/stm32f4xx_hal_rcc.o
                0x0000000008008654                HAL_RCC_GetSysClockFreq
 .text.HAL_RCC_GetHCLKFreq
                0x0000000008008860       0x18 ./Drivers/STM32F4xx_HAL_Driver/Src/stm32f4xx_hal_rcc.o
                0x0000000008008860                HAL_RCC_GetHCLKFreq
 .text.HAL_RCC_GetPCLK1Freq
                0x0000000008008878       0x28 ./Drivers/STM32F4xx_HAL_Driver/Src/stm32f4xx_hal_rcc.o
                0x0000000008008878                HAL_RCC_GetPCLK1Freq
 .text.HAL_RCC_GetPCLK2Freq
                0x00000000080088a0       0x28 ./Drivers/STM32F4xx_HAL_Driver/Src/stm32f4xx_hal_rcc.o
                0x00000000080088a0                HAL_RCC_GetPCLK2Freq
 .text.HAL_RCCEx_PeriphCLKConfig
                0x00000000080088c8      0x1e0 ./Drivers/STM32F4xx_HAL_Driver/Src/stm32f4xx_hal_rcc_ex.o
                0x00000000080088c8                HAL_RCCEx_PeriphCLKConfig
 .text.HAL_RCCEx_GetPeriphCLKFreq
                0x0000000008008aa8       0xc0 ./Drivers/STM32F4xx_HAL_Driver/Src/stm32f4xx_hal_rcc_ex.o
                0x0000000008008aa8                HAL_RCCEx_GetPeriphCLKFreq
 .text.HAL_SPI_Init
                0x0000000008008b68      0x112 ./Drivers/STM32F4xx_HAL_Driver/Src/stm32f4xx_hal_spi.o
                0x0000000008008b68                HAL_SPI_Init
 .text.HAL_SPI_DeInit
                0x0000000008008c7a       0x50 ./Drivers/STM32F4xx_HAL_Driver/Src/stm32f4xx_hal_spi.o
                0x0000000008008c7a                HAL_SPI_DeInit
 .text.HAL_SPI_TransmitReceive
                0x0000000008008cca      0x344 ./Drivers/STM32F4xx_HAL_Driver/Src/stm32f4xx_hal_spi.o
                0x0000000008008cca                HAL_SPI_TransmitReceive
 *fill*         0x000000000800900e        0x2 
 .text.HAL_SPI_IRQHandler
                0x0000000008009010      0x1e8 ./Drivers/STM32F4xx_HAL_Driver/Src/stm32f4xx_hal_spi.o
                0x0000000008009010                HAL_SPI_IRQHandler
 .text.HAL_SPI_ErrorCallback
                0x00000000080091f8       0x14 ./Drivers/STM32F4xx_HAL_Driver/Src/stm32f4xx_hal_spi.o
                0x00000000080091f8                HAL_SPI_ErrorCallback
 .text.HAL_SPI_GetState
                0x000000000800920c       0x1c ./Drivers/STM32F4xx_HAL_Driver/Src/stm32f4xx_hal_spi.o
                0x000000000800920c                HAL_SPI_GetState
 .text.SPI_DMAAbortOnError
                0x0000000008009228       0x28 ./Drivers/STM32F4xx_HAL_Driver/Src/stm32f4xx_hal_spi.o
 .text.SPI_WaitFlagStateUntilTimeout
                0x0000000008009250      0x110 ./Drivers/STM32F4xx_HAL_Driver/Src/stm32f4xx_hal_spi.o
 .text.SPI_EndRxTxTransaction
                0x0000000008009360       0x84 ./Drivers/STM32F4xx_HAL_Driver/Src/stm32f4xx_hal_spi.o
 .text.HAL_UART_Init
                0x00000000080093e4       0x9a ./Drivers/STM32F4xx_HAL_Driver/Src/stm32f4xx_hal_uart.o
                0x00000000080093e4                HAL_UART_Init
 .text.HAL_UART_Transmit
                0x000000000800947e      0x124 ./Drivers/STM32F4xx_HAL_Driver/Src/stm32f4xx_hal_uart.o
                0x000000000800947e                HAL_UART_Transmit
 *fill*         0x00000000080095a2        0x2 
 .text.HAL_UART_IRQHandler
                0x00000000080095a4      0x51c ./Drivers/STM32F4xx_HAL_Driver/Src/stm32f4xx_hal_uart.o
                0x00000000080095a4                HAL_UART_IRQHandler
 .text.HAL_UART_TxCpltCallback
                0x0000000008009ac0       0x14 ./Drivers/STM32F4xx_HAL_Driver/Src/stm32f4xx_hal_uart.o
                0x0000000008009ac0                HAL_UART_TxCpltCallback
 .text.HAL_UART_RxCpltCallback
                0x0000000008009ad4       0x14 ./Drivers/STM32F4xx_HAL_Driver/Src/stm32f4xx_hal_uart.o
                0x0000000008009ad4                HAL_UART_RxCpltCallback
 .text.HAL_UART_ErrorCallback
                0x0000000008009ae8       0x14 ./Drivers/STM32F4xx_HAL_Driver/Src/stm32f4xx_hal_uart.o
                0x0000000008009ae8                HAL_UART_ErrorCallback
 .text.HAL_UARTEx_RxEventCallback
                0x0000000008009afc       0x18 ./Drivers/STM32F4xx_HAL_Driver/Src/stm32f4xx_hal_uart.o
                0x0000000008009afc                HAL_UARTEx_RxEventCallback
 .text.UART_WaitOnFlagUntilTimeout
                0x0000000008009b14       0xdc ./Drivers/STM32F4xx_HAL_Driver/Src/stm32f4xx_hal_uart.o
 .text.UART_EndRxTransfer
                0x0000000008009bf0       0xc6 ./Drivers/STM32F4xx_HAL_Driver/Src/stm32f4xx_hal_uart.o
 .text.UART_DMAAbortOnError
                0x0000000008009cb6       0x28 ./Drivers/STM32F4xx_HAL_Driver/Src/stm32f4xx_hal_uart.o
 .text.UART_Transmit_IT
                0x0000000008009cde       0xa0 ./Drivers/STM32F4xx_HAL_Driver/Src/stm32f4xx_hal_uart.o
 .text.UART_EndTransmit_IT
                0x0000000008009d7e       0x30 ./Drivers/STM32F4xx_HAL_Driver/Src/stm32f4xx_hal_uart.o
 .text.UART_Receive_IT
                0x0000000008009dae      0x176 ./Drivers/STM32F4xx_HAL_Driver/Src/stm32f4xx_hal_uart.o
 .text.UART_SetConfig
                0x0000000008009f24      0x4e8 ./Drivers/STM32F4xx_HAL_Driver/Src/stm32f4xx_hal_uart.o
 .text.USB_CoreInit
                0x000000000800a40c       0xc2 ./Drivers/STM32F4xx_HAL_Driver/Src/stm32f4xx_ll_usb.o
                0x000000000800a40c                USB_CoreInit
 .text.USB_EnableGlobalInt
                0x000000000800a4ce       0x22 ./Drivers/STM32F4xx_HAL_Driver/Src/stm32f4xx_ll_usb.o
                0x000000000800a4ce                USB_EnableGlobalInt
 .text.USB_DisableGlobalInt
                0x000000000800a4f0       0x22 ./Drivers/STM32F4xx_HAL_Driver/Src/stm32f4xx_ll_usb.o
                0x000000000800a4f0                USB_DisableGlobalInt
 .text.USB_SetCurrentMode
                0x000000000800a512       0x98 ./Drivers/STM32F4xx_HAL_Driver/Src/stm32f4xx_ll_usb.o
                0x000000000800a512                USB_SetCurrentMode
 *fill*         0x000000000800a5aa        0x2 
 .text.USB_FlushTxFifo
                0x000000000800a5ac       0x68 ./Drivers/STM32F4xx_HAL_Driver/Src/stm32f4xx_ll_usb.o
                0x000000000800a5ac                USB_FlushTxFifo
 .text.USB_FlushRxFifo
                0x000000000800a614       0x60 ./Drivers/STM32F4xx_HAL_Driver/Src/stm32f4xx_ll_usb.o
                0x000000000800a614                USB_FlushRxFifo
 .text.USB_WritePacket
                0x000000000800a674       0x7c ./Drivers/STM32F4xx_HAL_Driver/Src/stm32f4xx_ll_usb.o
                0x000000000800a674                USB_WritePacket
 .text.USB_ReadPacket
                0x000000000800a6f0       0xb0 ./Drivers/STM32F4xx_HAL_Driver/Src/stm32f4xx_ll_usb.o
                0x000000000800a6f0                USB_ReadPacket
 .text.USB_ReadInterrupts
                0x000000000800a7a0       0x26 ./Drivers/STM32F4xx_HAL_Driver/Src/stm32f4xx_ll_usb.o
                0x000000000800a7a0                USB_ReadInterrupts
 .text.USB_GetMode
                0x000000000800a7c6       0x1c ./Drivers/STM32F4xx_HAL_Driver/Src/stm32f4xx_ll_usb.o
                0x000000000800a7c6                USB_GetMode
 *fill*         0x000000000800a7e2        0x2 
 .text.USB_CoreReset
                0x000000000800a7e4       0x68 ./Drivers/STM32F4xx_HAL_Driver/Src/stm32f4xx_ll_usb.o
 .text.USB_HostInit
                0x000000000800a84c      0x180 ./Drivers/STM32F4xx_HAL_Driver/Src/stm32f4xx_ll_usb.o
                0x000000000800a84c                USB_HostInit
 .text.USB_InitFSLSPClkSel
                0x000000000800a9cc       0x74 ./Drivers/STM32F4xx_HAL_Driver/Src/stm32f4xx_ll_usb.o
                0x000000000800a9cc                USB_InitFSLSPClkSel
 .text.USB_ResetPort
                0x000000000800aa40       0x54 ./Drivers/STM32F4xx_HAL_Driver/Src/stm32f4xx_ll_usb.o
                0x000000000800aa40                USB_ResetPort
 .text.USB_DriveVbus
                0x000000000800aa94       0x72 ./Drivers/STM32F4xx_HAL_Driver/Src/stm32f4xx_ll_usb.o
                0x000000000800aa94                USB_DriveVbus
 .text.USB_GetHostSpeed
                0x000000000800ab06       0x2e ./Drivers/STM32F4xx_HAL_Driver/Src/stm32f4xx_ll_usb.o
                0x000000000800ab06                USB_GetHostSpeed
 .text.USB_GetCurrentFrame
                0x000000000800ab34       0x22 ./Drivers/STM32F4xx_HAL_Driver/Src/stm32f4xx_ll_usb.o
                0x000000000800ab34                USB_GetCurrentFrame
 *fill*         0x000000000800ab56        0x2 
 .text.USB_HC_Init
                0x000000000800ab58      0x244 ./Drivers/STM32F4xx_HAL_Driver/Src/stm32f4xx_ll_usb.o
                0x000000000800ab58                USB_HC_Init
 .text.USB_HC_StartXfer
                0x000000000800ad9c      0x284 ./Drivers/STM32F4xx_HAL_Driver/Src/stm32f4xx_ll_usb.o
                0x000000000800ad9c                USB_HC_StartXfer
 .text.USB_HC_ReadInterrupt
                0x000000000800b020       0x22 ./Drivers/STM32F4xx_HAL_Driver/Src/stm32f4xx_ll_usb.o
                0x000000000800b020                USB_HC_ReadInterrupt
 .text.USB_HC_Halt
                0x000000000800b042      0x1f8 ./Drivers/STM32F4xx_HAL_Driver/Src/stm32f4xx_ll_usb.o
                0x000000000800b042                USB_HC_Halt
 *fill*         0x000000000800b23a        0x2 
 .text.USB_DoPing
                0x000000000800b23c       0x78 ./Drivers/STM32F4xx_HAL_Driver/Src/stm32f4xx_ll_usb.o
                0x000000000800b23c                USB_DoPing
 .text.USB_StopHost
                0x000000000800b2b4      0x124 ./Drivers/STM32F4xx_HAL_Driver/Src/stm32f4xx_ll_usb.o
                0x000000000800b2b4                USB_StopHost
 .text.USBH_CDC_InterfaceInit
                0x000000000800b3d8      0x2ac ./Middlewares/ST/STM32_USB_Host_Library/Class/CDC/Src/usbh_cdc.o
 .text.USBH_CDC_InterfaceDeInit
                0x000000000800b684       0xb2 ./Middlewares/ST/STM32_USB_Host_Library/Class/CDC/Src/usbh_cdc.o
 .text.USBH_CDC_ClassRequest
                0x000000000800b736       0x3e ./Middlewares/ST/STM32_USB_Host_Library/Class/CDC/Src/usbh_cdc.o
 .text.USBH_CDC_Process
                0x000000000800b774      0x12c ./Middlewares/ST/STM32_USB_Host_Library/Class/CDC/Src/usbh_cdc.o
 .text.USBH_CDC_SOFProcess
                0x000000000800b8a0       0x16 ./Middlewares/ST/STM32_USB_Host_Library/Class/CDC/Src/usbh_cdc.o
 .text.GetLineCoding
                0x000000000800b8b6       0x3e ./Middlewares/ST/STM32_USB_Host_Library/Class/CDC/Src/usbh_cdc.o
 .text.SetLineCoding
                0x000000000800b8f4       0x3e ./Middlewares/ST/STM32_USB_Host_Library/Class/CDC/Src/usbh_cdc.o
 .text.CDC_ProcessTransmission
                0x000000000800b932       0xec ./Middlewares/ST/STM32_USB_Host_Library/Class/CDC/Src/usbh_cdc.o
 .text.CDC_ProcessReception
                0x000000000800ba1e       0xb6 ./Middlewares/ST/STM32_USB_Host_Library/Class/CDC/Src/usbh_cdc.o
 .text.USBH_CDC_TransmitCallback
                0x000000000800bad4       0x14 ./Middlewares/ST/STM32_USB_Host_Library/Class/CDC/Src/usbh_cdc.o
                0x000000000800bad4                USBH_CDC_TransmitCallback
 .text.USBH_CDC_ReceiveCallback
                0x000000000800bae8       0x14 ./Middlewares/ST/STM32_USB_Host_Library/Class/CDC/Src/usbh_cdc.o
                0x000000000800bae8                USBH_CDC_ReceiveCallback
 .text.USBH_CDC_LineCodingChanged
                0x000000000800bafc       0x14 ./Middlewares/ST/STM32_USB_Host_Library/Class/CDC/Src/usbh_cdc.o
                0x000000000800bafc                USBH_CDC_LineCodingChanged
 .text.USBH_Init
                0x000000000800bb10       0x74 ./Middlewares/ST/STM32_USB_Host_Library/Core/Src/usbh_core.o
                0x000000000800bb10                USBH_Init
 .text.DeInitStateMachine
                0x000000000800bb84       0xa8 ./Middlewares/ST/STM32_USB_Host_Library/Core/Src/usbh_core.o
 .text.USBH_RegisterClass
                0x000000000800bc2c       0x54 ./Middlewares/ST/STM32_USB_Host_Library/Core/Src/usbh_core.o
                0x000000000800bc2c                USBH_RegisterClass
 .text.USBH_SelectInterface
                0x000000000800bc80       0x38 ./Middlewares/ST/STM32_USB_Host_Library/Core/Src/usbh_core.o
                0x000000000800bc80                USBH_SelectInterface
 .text.USBH_FindInterface
                0x000000000800bcb8       0x8c ./Middlewares/ST/STM32_USB_Host_Library/Core/Src/usbh_core.o
                0x000000000800bcb8                USBH_FindInterface
 .text.USBH_Start
                0x000000000800bd44       0x20 ./Middlewares/ST/STM32_USB_Host_Library/Core/Src/usbh_core.o
                0x000000000800bd44                USBH_Start
 .text.USBH_Process
                0x000000000800bd64      0x3d8 ./Middlewares/ST/STM32_USB_Host_Library/Core/Src/usbh_core.o
                0x000000000800bd64                USBH_Process
 .text.USBH_HandleEnum
                0x000000000800c13c      0x3c8 ./Middlewares/ST/STM32_USB_Host_Library/Core/Src/usbh_core.o
 .text.USBH_LL_SetTimer
                0x000000000800c504       0x1e ./Middlewares/ST/STM32_USB_Host_Library/Core/Src/usbh_core.o
                0x000000000800c504                USBH_LL_SetTimer
 .text.USBH_LL_IncTimer
                0x000000000800c522       0x24 ./Middlewares/ST/STM32_USB_Host_Library/Core/Src/usbh_core.o
                0x000000000800c522                USBH_LL_IncTimer
 .text.USBH_HandleSof
                0x000000000800c546       0x30 ./Middlewares/ST/STM32_USB_Host_Library/Core/Src/usbh_core.o
 .text.USBH_LL_PortEnabled
                0x000000000800c576       0x1c ./Middlewares/ST/STM32_USB_Host_Library/Core/Src/usbh_core.o
                0x000000000800c576                USBH_LL_PortEnabled
 .text.USBH_LL_PortDisabled
                0x000000000800c592       0x1c ./Middlewares/ST/STM32_USB_Host_Library/Core/Src/usbh_core.o
                0x000000000800c592                USBH_LL_PortDisabled
 .text.USBH_LL_Connect
                0x000000000800c5ae       0x2e ./Middlewares/ST/STM32_USB_Host_Library/Core/Src/usbh_core.o
                0x000000000800c5ae                USBH_LL_Connect
 .text.USBH_LL_Disconnect
                0x000000000800c5dc       0x48 ./Middlewares/ST/STM32_USB_Host_Library/Core/Src/usbh_core.o
                0x000000000800c5dc                USBH_LL_Disconnect
 .text.USBH_Get_DevDesc
                0x000000000800c624       0x50 ./Middlewares/ST/STM32_USB_Host_Library/Core/Src/usbh_ctlreq.o
                0x000000000800c624                USBH_Get_DevDesc
 .text.USBH_Get_CfgDesc
                0x000000000800c674       0x48 ./Middlewares/ST/STM32_USB_Host_Library/Core/Src/usbh_ctlreq.o
                0x000000000800c674                USBH_Get_CfgDesc
 .text.USBH_Get_StringDesc
                0x000000000800c6bc       0x56 ./Middlewares/ST/STM32_USB_Host_Library/Core/Src/usbh_ctlreq.o
                0x000000000800c6bc                USBH_Get_StringDesc
 .text.USBH_GetDescriptor
                0x000000000800c712       0x6a ./Middlewares/ST/STM32_USB_Host_Library/Core/Src/usbh_ctlreq.o
                0x000000000800c712                USBH_GetDescriptor
 .text.USBH_SetAddress
                0x000000000800c77c       0x48 ./Middlewares/ST/STM32_USB_Host_Library/Core/Src/usbh_ctlreq.o
                0x000000000800c77c                USBH_SetAddress
 .text.USBH_SetCfg
                0x000000000800c7c4       0x46 ./Middlewares/ST/STM32_USB_Host_Library/Core/Src/usbh_ctlreq.o
                0x000000000800c7c4                USBH_SetCfg
 .text.USBH_SetFeature
                0x000000000800c80a       0x48 ./Middlewares/ST/STM32_USB_Host_Library/Core/Src/usbh_ctlreq.o
                0x000000000800c80a                USBH_SetFeature
 .text.USBH_ClrFeature
                0x000000000800c852       0x48 ./Middlewares/ST/STM32_USB_Host_Library/Core/Src/usbh_ctlreq.o
                0x000000000800c852                USBH_ClrFeature
 *fill*         0x000000000800c89a        0x2 
 .text.USBH_ParseDevDesc
                0x000000000800c89c      0x124 ./Middlewares/ST/STM32_USB_Host_Library/Core/Src/usbh_ctlreq.o
 .text.USBH_ParseCfgDesc
                0x000000000800c9c0      0x1ec ./Middlewares/ST/STM32_USB_Host_Library/Core/Src/usbh_ctlreq.o
 .text.USBH_ParseInterfaceDesc
                0x000000000800cbac       0x5e ./Middlewares/ST/STM32_USB_Host_Library/Core/Src/usbh_ctlreq.o
 .text.USBH_ParseEPDesc
                0x000000000800cc0a      0x14a ./Middlewares/ST/STM32_USB_Host_Library/Core/Src/usbh_ctlreq.o
 .text.USBH_ParseStringDesc
                0x000000000800cd54       0x66 ./Middlewares/ST/STM32_USB_Host_Library/Core/Src/usbh_ctlreq.o
 .text.USBH_GetNextDesc
                0x000000000800cdba       0x36 ./Middlewares/ST/STM32_USB_Host_Library/Core/Src/usbh_ctlreq.o
                0x000000000800cdba                USBH_GetNextDesc
 .text.USBH_CtlReq
                0x000000000800cdf0       0x7a ./Middlewares/ST/STM32_USB_Host_Library/Core/Src/usbh_ctlreq.o
                0x000000000800cdf0                USBH_CtlReq
 *fill*         0x000000000800ce6a        0x2 
 .text.USBH_HandleControl
                0x000000000800ce6c      0x2e8 ./Middlewares/ST/STM32_USB_Host_Library/Core/Src/usbh_ctlreq.o
 .text.USBH_CtlSendSetup
                0x000000000800d154       0x34 ./Middlewares/ST/STM32_USB_Host_Library/Core/Src/usbh_ioreq.o
                0x000000000800d154                USBH_CtlSendSetup
 .text.USBH_CtlSendData
                0x000000000800d188       0x4a ./Middlewares/ST/STM32_USB_Host_Library/Core/Src/usbh_ioreq.o
                0x000000000800d188                USBH_CtlSendData
 .text.USBH_CtlReceiveData
                0x000000000800d1d2       0x3c ./Middlewares/ST/STM32_USB_Host_Library/Core/Src/usbh_ioreq.o
                0x000000000800d1d2                USBH_CtlReceiveData
 .text.USBH_BulkSendData
                0x000000000800d20e       0x4a ./Middlewares/ST/STM32_USB_Host_Library/Core/Src/usbh_ioreq.o
                0x000000000800d20e                USBH_BulkSendData
 .text.USBH_BulkReceiveData
                0x000000000800d258       0x3c ./Middlewares/ST/STM32_USB_Host_Library/Core/Src/usbh_ioreq.o
                0x000000000800d258                USBH_BulkReceiveData
 .text.USBH_OpenPipe
                0x000000000800d294       0x3e ./Middlewares/ST/STM32_USB_Host_Library/Core/Src/usbh_pipes.o
                0x000000000800d294                USBH_OpenPipe
 .text.USBH_ClosePipe
                0x000000000800d2d2       0x20 ./Middlewares/ST/STM32_USB_Host_Library/Core/Src/usbh_pipes.o
                0x000000000800d2d2                USBH_ClosePipe
 .text.USBH_AllocPipe
                0x000000000800d2f2       0x42 ./Middlewares/ST/STM32_USB_Host_Library/Core/Src/usbh_pipes.o
                0x000000000800d2f2                USBH_AllocPipe
 .text.USBH_FreePipe
                0x000000000800d334       0x3c ./Middlewares/ST/STM32_USB_Host_Library/Core/Src/usbh_pipes.o
                0x000000000800d334                USBH_FreePipe
 .text.USBH_GetFreePipe
                0x000000000800d370       0x48 ./Middlewares/ST/STM32_USB_Host_Library/Core/Src/usbh_pipes.o
 .text.MX_USB_HOST_Init
                0x000000000800d3b8       0x4c ./USB_HOST/App/usb_host.o
                0x000000000800d3b8                MX_USB_HOST_Init
 .text.MX_USB_HOST_Process
                0x000000000800d404       0x14 ./USB_HOST/App/usb_host.o
                0x000000000800d404                MX_USB_HOST_Process
 .text.USBH_UserProcess
                0x000000000800d418       0x5c ./USB_HOST/App/usb_host.o
 .text.HAL_HCD_MspInit
                0x000000000800d474       0xc4 ./USB_HOST/Target/usbh_conf.o
                0x000000000800d474                HAL_HCD_MspInit
 .text.HAL_HCD_SOF_Callback
                0x000000000800d538       0x1c ./USB_HOST/Target/usbh_conf.o
                0x000000000800d538                HAL_HCD_SOF_Callback
 .text.HAL_HCD_Connect_Callback
                0x000000000800d554       0x1c ./USB_HOST/Target/usbh_conf.o
                0x000000000800d554                HAL_HCD_Connect_Callback
 .text.HAL_HCD_Disconnect_Callback
                0x000000000800d570       0x1c ./USB_HOST/Target/usbh_conf.o
                0x000000000800d570                HAL_HCD_Disconnect_Callback
 .text.HAL_HCD_HC_NotifyURBChange_Callback
                0x000000000800d58c       0x1c ./USB_HOST/Target/usbh_conf.o
                0x000000000800d58c                HAL_HCD_HC_NotifyURBChange_Callback
 .text.HAL_HCD_PortEnabled_Callback
                0x000000000800d5a8       0x1c ./USB_HOST/Target/usbh_conf.o
                0x000000000800d5a8                HAL_HCD_PortEnabled_Callback
 .text.HAL_HCD_PortDisabled_Callback
                0x000000000800d5c4       0x1c ./USB_HOST/Target/usbh_conf.o
                0x000000000800d5c4                HAL_HCD_PortDisabled_Callback
 .text.USBH_LL_Init
                0x000000000800d5e0       0x78 ./USB_HOST/Target/usbh_conf.o
                0x000000000800d5e0                USBH_LL_Init
 .text.USBH_LL_Start
                0x000000000800d658       0x36 ./USB_HOST/Target/usbh_conf.o
                0x000000000800d658                USBH_LL_Start
 .text.USBH_LL_Stop
                0x000000000800d68e       0x36 ./USB_HOST/Target/usbh_conf.o
                0x000000000800d68e                USBH_LL_Stop
 .text.USBH_LL_GetSpeed
                0x000000000800d6c4       0x4e ./USB_HOST/Target/usbh_conf.o
                0x000000000800d6c4                USBH_LL_GetSpeed
 .text.USBH_LL_ResetPort
                0x000000000800d712       0x36 ./USB_HOST/Target/usbh_conf.o
                0x000000000800d712                USBH_LL_ResetPort
 .text.USBH_LL_GetLastXferSize
                0x000000000800d748       0x26 ./USB_HOST/Target/usbh_conf.o
                0x000000000800d748                USBH_LL_GetLastXferSize
 .text.USBH_LL_OpenPipe
                0x000000000800d76e       0x5e ./USB_HOST/Target/usbh_conf.o
                0x000000000800d76e                USBH_LL_OpenPipe
 .text.USBH_LL_ClosePipe
                0x000000000800d7cc       0x3e ./USB_HOST/Target/usbh_conf.o
                0x000000000800d7cc                USBH_LL_ClosePipe
 .text.USBH_LL_SubmitURB
                0x000000000800d80a       0x62 ./USB_HOST/Target/usbh_conf.o
                0x000000000800d80a                USBH_LL_SubmitURB
 .text.USBH_LL_GetURBState
                0x000000000800d86c       0x26 ./USB_HOST/Target/usbh_conf.o
                0x000000000800d86c                USBH_LL_GetURBState
 .text.USBH_LL_DriverVBUS
                0x000000000800d892       0x2e ./USB_HOST/Target/usbh_conf.o
                0x000000000800d892                USBH_LL_DriverVBUS
 .text.USBH_LL_SetToggle
                0x000000000800d8c0       0x60 ./USB_HOST/Target/usbh_conf.o
                0x000000000800d8c0                USBH_LL_SetToggle
 .text.USBH_Delay
                0x000000000800d920       0x16 ./USB_HOST/Target/usbh_conf.o
                0x000000000800d920                USBH_Delay
 *fill*         0x000000000800d936        0x2 
 .text.USBH_Get_USB_Status
                0x000000000800d938       0x58 ./USB_HOST/Target/usbh_conf.o
                0x000000000800d938                USBH_Get_USB_Status
 .text.MX_DriverVbusFS
                0x000000000800d990       0x38 ./USB_HOST/Target/usbh_platform.o
                0x000000000800d990                MX_DriverVbusFS
 .text.malloc   0x000000000800d9c8       0x10 /Applications/STM32CubeIDE.app/Contents/Eclipse/plugins/com.st.stm32cube.ide.mcu.externaltools.gnu-tools-for-stm32.11.3.rel1.macos64_1.1.100.202310310803/tools/bin/../lib/gcc/arm-none-eabi/11.3.1/../../../../arm-none-eabi/lib/thumb/v7e-m+fp/hard/libc_nano.a(libc_a-malloc.o)
                0x000000000800d9c8                malloc
 .text.free     0x000000000800d9d8       0x10 /Applications/STM32CubeIDE.app/Contents/Eclipse/plugins/com.st.stm32cube.ide.mcu.externaltools.gnu-tools-for-stm32.11.3.rel1.macos64_1.1.100.202310310803/tools/bin/../lib/gcc/arm-none-eabi/11.3.1/../../../../arm-none-eabi/lib/thumb/v7e-m+fp/hard/libc_nano.a(libc_a-malloc.o)
                0x000000000800d9d8                free
 .text.sbrk_aligned
                0x000000000800d9e8       0x40 /Applications/STM32CubeIDE.app/Contents/Eclipse/plugins/com.st.stm32cube.ide.mcu.externaltools.gnu-tools-for-stm32.11.3.rel1.macos64_1.1.100.202310310803/tools/bin/../lib/gcc/arm-none-eabi/11.3.1/../../../../arm-none-eabi/lib/thumb/v7e-m+fp/hard/libc_nano.a(libc_a-mallocr.o)
 .text._malloc_r
                0x000000000800da28      0x100 /Applications/STM32CubeIDE.app/Contents/Eclipse/plugins/com.st.stm32cube.ide.mcu.externaltools.gnu-tools-for-stm32.11.3.rel1.macos64_1.1.100.202310310803/tools/bin/../lib/gcc/arm-none-eabi/11.3.1/../../../../arm-none-eabi/lib/thumb/v7e-m+fp/hard/libc_nano.a(libc_a-mallocr.o)
                0x000000000800da28                _malloc_r
 .text.__malloc_lock
                0x000000000800db28        0xc /Applications/STM32CubeIDE.app/Contents/Eclipse/plugins/com.st.stm32cube.ide.mcu.externaltools.gnu-tools-for-stm32.11.3.rel1.macos64_1.1.100.202310310803/tools/bin/../lib/gcc/arm-none-eabi/11.3.1/../../../../arm-none-eabi/lib/thumb/v7e-m+fp/hard/libc_nano.a(libc_a-mlock.o)
                0x000000000800db28                __malloc_lock
 .text.__malloc_unlock
                0x000000000800db34        0xc /Applications/STM32CubeIDE.app/Contents/Eclipse/plugins/com.st.stm32cube.ide.mcu.externaltools.gnu-tools-for-stm32.11.3.rel1.macos64_1.1.100.202310310803/tools/bin/../lib/gcc/arm-none-eabi/11.3.1/../../../../arm-none-eabi/lib/thumb/v7e-m+fp/hard/libc_nano.a(libc_a-mlock.o)
                0x000000000800db34                __malloc_unlock
 .text.sprintf  0x000000000800db40       0x40 /Applications/STM32CubeIDE.app/Contents/Eclipse/plugins/com.st.stm32cube.ide.mcu.externaltools.gnu-tools-for-stm32.11.3.rel1.macos64_1.1.100.202310310803/tools/bin/../lib/gcc/arm-none-eabi/11.3.1/../../../../arm-none-eabi/lib/thumb/v7e-m+fp/hard/libc_nano.a(libc_a-sprintf.o)
                0x000000000800db40                sprintf
                0x000000000800db40                siprintf
 .text.memset   0x000000000800db80       0x10 /Applications/STM32CubeIDE.app/Contents/Eclipse/plugins/com.st.stm32cube.ide.mcu.externaltools.gnu-tools-for-stm32.11.3.rel1.macos64_1.1.100.202310310803/tools/bin/../lib/gcc/arm-none-eabi/11.3.1/../../../../arm-none-eabi/lib/thumb/v7e-m+fp/hard/libc_nano.a(libc_a-memset.o)
                0x000000000800db80                memset
 .text._sbrk_r  0x000000000800db90       0x20 /Applications/STM32CubeIDE.app/Contents/Eclipse/plugins/com.st.stm32cube.ide.mcu.externaltools.gnu-tools-for-stm32.11.3.rel1.macos64_1.1.100.202310310803/tools/bin/../lib/gcc/arm-none-eabi/11.3.1/../../../../arm-none-eabi/lib/thumb/v7e-m+fp/hard/libc_nano.a(libc_a-sbrkr.o)
                0x000000000800db90                _sbrk_r
 .text.__errno  0x000000000800dbb0        0xc /Applications/STM32CubeIDE.app/Contents/Eclipse/plugins/com.st.stm32cube.ide.mcu.externaltools.gnu-tools-for-stm32.11.3.rel1.macos64_1.1.100.202310310803/tools/bin/../lib/gcc/arm-none-eabi/11.3.1/../../../../arm-none-eabi/lib/thumb/v7e-m+fp/hard/libc_nano.a(libc_a-errno.o)
                0x000000000800dbb0                __errno
 .text.__libc_init_array
                0x000000000800dbbc       0x48 /Applications/STM32CubeIDE.app/Contents/Eclipse/plugins/com.st.stm32cube.ide.mcu.externaltools.gnu-tools-for-stm32.11.3.rel1.macos64_1.1.100.202310310803/tools/bin/../lib/gcc/arm-none-eabi/11.3.1/../../../../arm-none-eabi/lib/thumb/v7e-m+fp/hard/libc_nano.a(libc_a-init.o)
                0x000000000800dbbc                __libc_init_array
 .text.__retarget_lock_acquire_recursive
                0x000000000800dc04        0x2 /Applications/STM32CubeIDE.app/Contents/Eclipse/plugins/com.st.stm32cube.ide.mcu.externaltools.gnu-tools-for-stm32.11.3.rel1.macos64_1.1.100.202310310803/tools/bin/../lib/gcc/arm-none-eabi/11.3.1/../../../../arm-none-eabi/lib/thumb/v7e-m+fp/hard/libc_nano.a(libc_a-lock.o)
                0x000000000800dc04                __retarget_lock_acquire_recursive
 .text.__retarget_lock_release_recursive
                0x000000000800dc06        0x2 /Applications/STM32CubeIDE.app/Contents/Eclipse/plugins/com.st.stm32cube.ide.mcu.externaltools.gnu-tools-for-stm32.11.3.rel1.macos64_1.1.100.202310310803/tools/bin/../lib/gcc/arm-none-eabi/11.3.1/../../../../arm-none-eabi/lib/thumb/v7e-m+fp/hard/libc_nano.a(libc_a-lock.o)
                0x000000000800dc06                __retarget_lock_release_recursive
 .text._free_r  0x000000000800dc08       0x98 /Applications/STM32CubeIDE.app/Contents/Eclipse/plugins/com.st.stm32cube.ide.mcu.externaltools.gnu-tools-for-stm32.11.3.rel1.macos64_1.1.100.202310310803/tools/bin/../lib/gcc/arm-none-eabi/11.3.1/../../../../arm-none-eabi/lib/thumb/v7e-m+fp/hard/libc_nano.a(libc_a-freer.o)
                0x000000000800dc08                _free_r
 .text.__ssputs_r
                0x000000000800dca0       0xb4 /Applications/STM32CubeIDE.app/Contents/Eclipse/plugins/com.st.stm32cube.ide.mcu.externaltools.gnu-tools-for-stm32.11.3.rel1.macos64_1.1.100.202310310803/tools/bin/../lib/gcc/arm-none-eabi/11.3.1/../../../../arm-none-eabi/lib/thumb/v7e-m+fp/hard/libc_nano.a(libc_a-nano-svfprintf.o)
                0x000000000800dca0                __ssputs_r
 .text._svfprintf_r
                0x000000000800dd54      0x1fc /Applications/STM32CubeIDE.app/Contents/Eclipse/plugins/com.st.stm32cube.ide.mcu.externaltools.gnu-tools-for-stm32.11.3.rel1.macos64_1.1.100.202310310803/tools/bin/../lib/gcc/arm-none-eabi/11.3.1/../../../../arm-none-eabi/lib/thumb/v7e-m+fp/hard/libc_nano.a(libc_a-nano-svfprintf.o)
                0x000000000800dd54                _svfprintf_r
                0x000000000800dd54                _svfiprintf_r
 .text._printf_common
                0x000000000800df50       0xda /Applications/STM32CubeIDE.app/Contents/Eclipse/plugins/com.st.stm32cube.ide.mcu.externaltools.gnu-tools-for-stm32.11.3.rel1.macos64_1.1.100.202310310803/tools/bin/../lib/gcc/arm-none-eabi/11.3.1/../../../../arm-none-eabi/lib/thumb/v7e-m+fp/hard/libc_nano.a(libc_a-nano-vfprintf_i.o)
                0x000000000800df50                _printf_common
 *fill*         0x000000000800e02a        0x2 
 .text._printf_i
                0x000000000800e02c      0x244 /Applications/STM32CubeIDE.app/Contents/Eclipse/plugins/com.st.stm32cube.ide.mcu.externaltools.gnu-tools-for-stm32.11.3.rel1.macos64_1.1.100.202310310803/tools/bin/../lib/gcc/arm-none-eabi/11.3.1/../../../../arm-none-eabi/lib/thumb/v7e-m+fp/hard/libc_nano.a(libc_a-nano-vfprintf_i.o)
                0x000000000800e02c                _printf_i
 .text._realloc_r
                0x000000000800e270       0x5e /Applications/STM32CubeIDE.app/Contents/Eclipse/plugins/com.st.stm32cube.ide.mcu.externaltools.gnu-tools-for-stm32.11.3.rel1.macos64_1.1.100.202310310803/tools/bin/../lib/gcc/arm-none-eabi/11.3.1/../../../../arm-none-eabi/lib/thumb/v7e-m+fp/hard/libc_nano.a(libc_a-reallocr.o)
                0x000000000800e270                _realloc_r
 .text.memmove  0x000000000800e2ce       0x34 /Applications/STM32CubeIDE.app/Contents/Eclipse/plugins/com.st.stm32cube.ide.mcu.externaltools.gnu-tools-for-stm32.11.3.rel1.macos64_1.1.100.202310310803/tools/bin/../lib/gcc/arm-none-eabi/11.3.1/../../../../arm-none-eabi/lib/thumb/v7e-m+fp/hard/libc_nano.a(libc_a-memmove.o)
                0x000000000800e2ce                memmove
 .text.memcpy   0x000000000800e302       0x1c /Applications/STM32CubeIDE.app/Contents/Eclipse/plugins/com.st.stm32cube.ide.mcu.externaltools.gnu-tools-for-stm32.11.3.rel1.macos64_1.1.100.202310310803/tools/bin/../lib/gcc/arm-none-eabi/11.3.1/../../../../arm-none-eabi/lib/thumb/v7e-m+fp/hard/libc_nano.a(libc_a-memcpy-stub.o)
                0x000000000800e302                memcpy
 .text._malloc_usable_size_r
                0x000000000800e31e       0x10 /Applications/STM32CubeIDE.app/Contents/Eclipse/plugins/com.st.stm32cube.ide.mcu.externaltools.gnu-tools-for-stm32.11.3.rel1.macos64_1.1.100.202310310803/tools/bin/../lib/gcc/arm-none-eabi/11.3.1/../../../../arm-none-eabi/lib/thumb/v7e-m+fp/hard/libc_nano.a(libc_a-msizer.o)
                0x000000000800e31e                _malloc_usable_size_r
 *(.glue_7)
 .glue_7        0x000000000800e32e        0x0 linker stubs
 *(.glue_7t)
 .glue_7t       0x000000000800e32e        0x0 linker stubs
 *(.eh_frame)
 *fill*         0x000000000800e32e        0x2 
 .eh_frame      0x000000000800e330        0x0 /Applications/STM32CubeIDE.app/Contents/Eclipse/plugins/com.st.stm32cube.ide.mcu.externaltools.gnu-tools-for-stm32.11.3.rel1.macos64_1.1.100.202310310803/tools/bin/../lib/gcc/arm-none-eabi/11.3.1/thumb/v7e-m+fp/hard/crtbegin.o
 *(.init)
 .init          0x000000000800e330        0x4 /Applications/STM32CubeIDE.app/Contents/Eclipse/plugins/com.st.stm32cube.ide.mcu.externaltools.gnu-tools-for-stm32.11.3.rel1.macos64_1.1.100.202310310803/tools/bin/../lib/gcc/arm-none-eabi/11.3.1/thumb/v7e-m+fp/hard/crti.o
                0x000000000800e330                _init
 .init          0x000000000800e334        0x8 /Applications/STM32CubeIDE.app/Contents/Eclipse/plugins/com.st.stm32cube.ide.mcu.externaltools.gnu-tools-for-stm32.11.3.rel1.macos64_1.1.100.202310310803/tools/bin/../lib/gcc/arm-none-eabi/11.3.1/thumb/v7e-m+fp/hard/crtn.o
 *(.fini)
 .fini          0x000000000800e33c        0x4 /Applications/STM32CubeIDE.app/Contents/Eclipse/plugins/com.st.stm32cube.ide.mcu.externaltools.gnu-tools-for-stm32.11.3.rel1.macos64_1.1.100.202310310803/tools/bin/../lib/gcc/arm-none-eabi/11.3.1/thumb/v7e-m+fp/hard/crti.o
                0x000000000800e33c                _fini
 .fini          0x000000000800e340        0x8 /Applications/STM32CubeIDE.app/Contents/Eclipse/plugins/com.st.stm32cube.ide.mcu.externaltools.gnu-tools-for-stm32.11.3.rel1.macos64_1.1.100.202310310803/tools/bin/../lib/gcc/arm-none-eabi/11.3.1/thumb/v7e-m+fp/hard/crtn.o
                0x000000000800e348                . = ALIGN (0x4)
                0x000000000800e348                _etext = .

.vfp11_veneer   0x000000000800e348        0x0
 .vfp11_veneer  0x000000000800e348        0x0 linker stubs

.v4_bx          0x000000000800e348        0x0
 .v4_bx         0x000000000800e348        0x0 linker stubs

.iplt           0x000000000800e348        0x0
 .iplt          0x000000000800e348        0x0 /Applications/STM32CubeIDE.app/Contents/Eclipse/plugins/com.st.stm32cube.ide.mcu.externaltools.gnu-tools-for-stm32.11.3.rel1.macos64_1.1.100.202310310803/tools/bin/../lib/gcc/arm-none-eabi/11.3.1/thumb/v7e-m+fp/hard/crtbegin.o

.rodata         0x000000000800e348       0x7c
                0x000000000800e348                . = ALIGN (0x4)
 *(.rodata)
 .rodata        0x000000000800e348       0x2c ./Core/Src/main.o
 .rodata        0x000000000800e374        0x4 ./Middlewares/ST/STM32_USB_Host_Library/Class/CDC/Src/usbh_cdc.o
 *(.rodata*)
 .rodata.AHBPrescTable
                0x000000000800e378       0x10 ./Core/Src/system_stm32f4xx.o
                0x000000000800e378                AHBPrescTable
 .rodata.APBPrescTable
                0x000000000800e388        0x8 ./Core/Src/system_stm32f4xx.o
                0x000000000800e388                APBPrescTable
 .rodata._svfprintf_r.str1.1
                0x000000000800e390       0x11 /Applications/STM32CubeIDE.app/Contents/Eclipse/plugins/com.st.stm32cube.ide.mcu.externaltools.gnu-tools-for-stm32.11.3.rel1.macos64_1.1.100.202310310803/tools/bin/../lib/gcc/arm-none-eabi/11.3.1/../../../../arm-none-eabi/lib/thumb/v7e-m+fp/hard/libc_nano.a(libc_a-nano-svfprintf.o)
 .rodata._printf_i.str1.1
                0x000000000800e3a1       0x22 /Applications/STM32CubeIDE.app/Contents/Eclipse/plugins/com.st.stm32cube.ide.mcu.externaltools.gnu-tools-for-stm32.11.3.rel1.macos64_1.1.100.202310310803/tools/bin/../lib/gcc/arm-none-eabi/11.3.1/../../../../arm-none-eabi/lib/thumb/v7e-m+fp/hard/libc_nano.a(libc_a-nano-vfprintf_i.o)
                0x000000000800e3c4                . = ALIGN (0x4)
 *fill*         0x000000000800e3c3        0x1 

.ARM.extab      0x000000000800e3c4        0x0
                0x000000000800e3c4                . = ALIGN (0x4)
 *(.ARM.extab* .gnu.linkonce.armextab.*)
                0x000000000800e3c4                . = ALIGN (0x4)

.ARM            0x000000000800e3c4        0x8
                0x000000000800e3c4                . = ALIGN (0x4)
                0x000000000800e3c4                __exidx_start = .
 *(.ARM.exidx*)
 .ARM.exidx     0x000000000800e3c4        0x8 /Applications/STM32CubeIDE.app/Contents/Eclipse/plugins/com.st.stm32cube.ide.mcu.externaltools.gnu-tools-for-stm32.11.3.rel1.macos64_1.1.100.202310310803/tools/bin/../lib/gcc/arm-none-eabi/11.3.1/thumb/v7e-m+fp/hard/libgcc.a(_udivmoddi4.o)
                0x000000000800e3cc                __exidx_end = .
                0x000000000800e3cc                . = ALIGN (0x4)

.rel.dyn        0x000000000800e3cc        0x0
 .rel.iplt      0x000000000800e3cc        0x0 /Applications/STM32CubeIDE.app/Contents/Eclipse/plugins/com.st.stm32cube.ide.mcu.externaltools.gnu-tools-for-stm32.11.3.rel1.macos64_1.1.100.202310310803/tools/bin/../lib/gcc/arm-none-eabi/11.3.1/thumb/v7e-m+fp/hard/crtbegin.o

.preinit_array  0x000000000800e3cc        0x0
                0x000000000800e3cc                . = ALIGN (0x4)
                0x000000000800e3cc                PROVIDE (__preinit_array_start = .)
 *(.preinit_array*)
                0x000000000800e3cc                PROVIDE (__preinit_array_end = .)
                0x000000000800e3cc                . = ALIGN (0x4)

.init_array     0x000000000800e3cc        0x4
                0x000000000800e3cc                . = ALIGN (0x4)
                0x000000000800e3cc                PROVIDE (__init_array_start = .)
 *(SORT_BY_NAME(.init_array.*))
 *(.init_array*)
 .init_array    0x000000000800e3cc        0x4 /Applications/STM32CubeIDE.app/Contents/Eclipse/plugins/com.st.stm32cube.ide.mcu.externaltools.gnu-tools-for-stm32.11.3.rel1.macos64_1.1.100.202310310803/tools/bin/../lib/gcc/arm-none-eabi/11.3.1/thumb/v7e-m+fp/hard/crtbegin.o
                0x000000000800e3d0                PROVIDE (__init_array_end = .)
                0x000000000800e3d0                . = ALIGN (0x4)

.fini_array     0x000000000800e3d0        0x4
                0x000000000800e3d0                . = ALIGN (0x4)
                [!provide]                        PROVIDE (__fini_array_start = .)
 *(SORT_BY_NAME(.fini_array.*))
 *(.fini_array*)
 .fini_array    0x000000000800e3d0        0x4 /Applications/STM32CubeIDE.app/Contents/Eclipse/plugins/com.st.stm32cube.ide.mcu.externaltools.gnu-tools-for-stm32.11.3.rel1.macos64_1.1.100.202310310803/tools/bin/../lib/gcc/arm-none-eabi/11.3.1/thumb/v7e-m+fp/hard/crtbegin.o
                [!provide]                        PROVIDE (__fini_array_end = .)
                0x000000000800e3d4                . = ALIGN (0x4)
                0x000000000800e3d4                _sidata = LOADADDR (.data)

.data           0x0000000020000000      0x154 load address 0x000000000800e3d4
                0x0000000020000000                . = ALIGN (0x4)
                0x0000000020000000                _sdata = .
 *(.data)
 *(.data*)
 .data.I3g4250Drv
                0x0000000020000000       0x34 ./Core/Src/i3g4250d.o
                0x0000000020000000                I3g4250Drv
 .data.L3gd20Drv
                0x0000000020000034       0x34 ./Core/Src/l3gd20.o
                0x0000000020000034                L3gd20Drv
 .data.Lsm303agrDrv
                0x0000000020000068       0x34 ./Core/Src/lsm303agr.o
                0x0000000020000068                Lsm303agrDrv
 .data.Lsm303dlhcDrv
                0x000000002000009c       0x34 ./Core/Src/lsm303dlhc.o
                0x000000002000009c                Lsm303dlhcDrv
 .data.I2cxTimeout
                0x00000000200000d0        0x4 ./Core/Src/stm32f411e_discovery.o
                0x00000000200000d0                I2cxTimeout
 .data.SpixTimeout
                0x00000000200000d4        0x4 ./Core/Src/stm32f411e_discovery.o
                0x00000000200000d4                SpixTimeout
 .data.SystemCoreClock
                0x00000000200000d8        0x4 ./Core/Src/system_stm32f4xx.o
                0x00000000200000d8                SystemCoreClock
 .data.uwTickPrio
                0x00000000200000dc        0x4 ./Drivers/STM32F4xx_HAL_Driver/Src/stm32f4xx_hal.o
                0x00000000200000dc                uwTickPrio
 .data.uwTickFreq
                0x00000000200000e0        0x1 ./Drivers/STM32F4xx_HAL_Driver/Src/stm32f4xx_hal.o
                0x00000000200000e0                uwTickFreq
 *fill*         0x00000000200000e1        0x3 
 .data.CDC_Class
                0x00000000200000e4       0x20 ./Middlewares/ST/STM32_USB_Host_Library/Class/CDC/Src/usbh_cdc.o
                0x00000000200000e4                CDC_Class
 .data._impure_data
                0x0000000020000104       0x4c /Applications/STM32CubeIDE.app/Contents/Eclipse/plugins/com.st.stm32cube.ide.mcu.externaltools.gnu-tools-for-stm32.11.3.rel1.macos64_1.1.100.202310310803/tools/bin/../lib/gcc/arm-none-eabi/11.3.1/../../../../arm-none-eabi/lib/thumb/v7e-m+fp/hard/libc_nano.a(libc_a-impure.o)
                0x0000000020000104                _impure_data
 .data._impure_ptr
                0x0000000020000150        0x4 /Applications/STM32CubeIDE.app/Contents/Eclipse/plugins/com.st.stm32cube.ide.mcu.externaltools.gnu-tools-for-stm32.11.3.rel1.macos64_1.1.100.202310310803/tools/bin/../lib/gcc/arm-none-eabi/11.3.1/../../../../arm-none-eabi/lib/thumb/v7e-m+fp/hard/libc_nano.a(libc_a-impure.o)
                0x0000000020000150                _impure_ptr
 *(.RamFunc)
 *(.RamFunc*)
                0x0000000020000154                . = ALIGN (0x4)
                0x0000000020000154                _edata = .

.igot.plt       0x0000000020000154        0x0 load address 0x000000000800e528
 .igot.plt      0x0000000020000154        0x0 /Applications/STM32CubeIDE.app/Contents/Eclipse/plugins/com.st.stm32cube.ide.mcu.externaltools.gnu-tools-for-stm32.11.3.rel1.macos64_1.1.100.202310310803/tools/bin/../lib/gcc/arm-none-eabi/11.3.1/thumb/v7e-m+fp/hard/crtbegin.o
                0x0000000020000154                . = ALIGN (0x4)

.bss            0x0000000020000154      0xa9c load address 0x000000000800e528
                0x0000000020000154                _sbss = .
                0x0000000020000154                __bss_start__ = _sbss
 *(.bss)
 .bss           0x0000000020000154       0x1c /Applications/STM32CubeIDE.app/Contents/Eclipse/plugins/com.st.stm32cube.ide.mcu.externaltools.gnu-tools-for-stm32.11.3.rel1.macos64_1.1.100.202310310803/tools/bin/../lib/gcc/arm-none-eabi/11.3.1/thumb/v7e-m+fp/hard/crtbegin.o
 *(.bss*)
 .bss.hi2c1     0x0000000020000170       0x54 ./Core/Src/main.o
                0x0000000020000170                hi2c1
 .bss.hi2s2     0x00000000200001c4       0x48 ./Core/Src/main.o
                0x00000000200001c4                hi2s2
 .bss.hi2s3     0x000000002000020c       0x48 ./Core/Src/main.o
                0x000000002000020c                hi2s3
 .bss.hspi1     0x0000000020000254       0x58 ./Core/Src/main.o
                0x0000000020000254                hspi1
 .bss.huart2    0x00000000200002ac       0x44 ./Core/Src/main.o
                0x00000000200002ac                huart2
 .bss.AccelData
                0x00000000200002f0        0x6 ./Core/Src/main.o
                0x00000000200002f0                AccelData
 *fill*         0x00000000200002f6        0x2 
 .bss.MagnData  0x00000000200002f8        0x6 ./Core/Src/main.o
                0x00000000200002f8                MagnData
 *fill*         0x00000000200002fe        0x2 
 .bss.GyroData  0x0000000020000300        0xc ./Core/Src/main.o
                0x0000000020000300                GyroData
 .bss.I2cHandle
                0x000000002000030c       0x54 ./Core/Src/stm32f411e_discovery.o
 .bss.SpiHandle
                0x0000000020000360       0x58 ./Core/Src/stm32f411e_discovery.o
 .bss.AccelerometerDrv
                0x00000000200003b8        0x4 ./Core/Src/stm32f411e_discovery_accelerometer.o
 .bss.GyroscopeDrv
                0x00000000200003bc        0x4 ./Core/Src/stm32f411e_discovery_gyroscope.o
 .bss.__sbrk_heap_end
                0x00000000200003c0        0x4 ./Core/Src/sysmem.o
 .bss.uwTick    0x00000000200003c4        0x4 ./Drivers/STM32F4xx_HAL_Driver/Src/stm32f4xx_hal.o
                0x00000000200003c4                uwTick
 .bss.hUsbHostFS
                0x00000000200003c8      0x3d8 ./USB_HOST/App/usb_host.o
                0x00000000200003c8                hUsbHostFS
 .bss.Appli_state
                0x00000000200007a0        0x1 ./USB_HOST/App/usb_host.o
                0x00000000200007a0                Appli_state
 *fill*         0x00000000200007a1        0x3 
 .bss.hhcd_USB_OTG_FS
                0x00000000200007a4      0x304 ./USB_HOST/Target/usbh_conf.o
                0x00000000200007a4                hhcd_USB_OTG_FS
 .bss.__malloc_free_list
                0x0000000020000aa8        0x4 /Applications/STM32CubeIDE.app/Contents/Eclipse/plugins/com.st.stm32cube.ide.mcu.externaltools.gnu-tools-for-stm32.11.3.rel1.macos64_1.1.100.202310310803/tools/bin/../lib/gcc/arm-none-eabi/11.3.1/../../../../arm-none-eabi/lib/thumb/v7e-m+fp/hard/libc_nano.a(libc_a-mallocr.o)
                0x0000000020000aa8                __malloc_free_list
 .bss.__malloc_sbrk_start
                0x0000000020000aac        0x4 /Applications/STM32CubeIDE.app/Contents/Eclipse/plugins/com.st.stm32cube.ide.mcu.externaltools.gnu-tools-for-stm32.11.3.rel1.macos64_1.1.100.202310310803/tools/bin/../lib/gcc/arm-none-eabi/11.3.1/../../../../arm-none-eabi/lib/thumb/v7e-m+fp/hard/libc_nano.a(libc_a-mallocr.o)
                0x0000000020000aac                __malloc_sbrk_start
 .bss.__sf      0x0000000020000ab0      0x138 /Applications/STM32CubeIDE.app/Contents/Eclipse/plugins/com.st.stm32cube.ide.mcu.externaltools.gnu-tools-for-stm32.11.3.rel1.macos64_1.1.100.202310310803/tools/bin/../lib/gcc/arm-none-eabi/11.3.1/../../../../arm-none-eabi/lib/thumb/v7e-m+fp/hard/libc_nano.a(libc_a-findfp.o)
                0x0000000020000ab0                __sf
 .bss.__lock___malloc_recursive_mutex
                0x0000000020000be8        0x1 /Applications/STM32CubeIDE.app/Contents/Eclipse/plugins/com.st.stm32cube.ide.mcu.externaltools.gnu-tools-for-stm32.11.3.rel1.macos64_1.1.100.202310310803/tools/bin/../lib/gcc/arm-none-eabi/11.3.1/../../../../arm-none-eabi/lib/thumb/v7e-m+fp/hard/libc_nano.a(libc_a-lock.o)
                0x0000000020000be8                __lock___malloc_recursive_mutex
 *fill*         0x0000000020000be9        0x3 
 .bss.errno     0x0000000020000bec        0x4 /Applications/STM32CubeIDE.app/Contents/Eclipse/plugins/com.st.stm32cube.ide.mcu.externaltools.gnu-tools-for-stm32.11.3.rel1.macos64_1.1.100.202310310803/tools/bin/../lib/gcc/arm-none-eabi/11.3.1/../../../../arm-none-eabi/lib/thumb/v7e-m+fp/hard/libc_nano.a(libc_a-reent.o)
                0x0000000020000bec                errno
 *(COMMON)
                0x0000000020000bf0                . = ALIGN (0x4)
                0x0000000020000bf0                _ebss = .
                0x0000000020000bf0                __bss_end__ = _ebss

._user_heap_stack
                0x0000000020000bf0      0x600 load address 0x000000000800e528
                0x0000000020000bf0                . = ALIGN (0x8)
                [!provide]                        PROVIDE (end = .)
                0x0000000020000bf0                PROVIDE (_end = .)
                0x0000000020000df0                . = (. + _Min_Heap_Size)
 *fill*         0x0000000020000bf0      0x200 
                0x00000000200011f0                . = (. + _Min_Stack_Size)
 *fill*         0x0000000020000df0      0x400 
                0x00000000200011f0                . = ALIGN (0x8)

/DISCARD/
 libc.a(*)
 libm.a(*)
 libgcc.a(*)

.ARM.attributes
                0x0000000000000000       0x30
 *(.ARM.attributes)
 .ARM.attributes
                0x0000000000000000       0x1e /Applications/STM32CubeIDE.app/Contents/Eclipse/plugins/com.st.stm32cube.ide.mcu.externaltools.gnu-tools-for-stm32.11.3.rel1.macos64_1.1.100.202310310803/tools/bin/../lib/gcc/arm-none-eabi/11.3.1/thumb/v7e-m+fp/hard/crti.o
 .ARM.attributes
                0x000000000000001e       0x34 /Applications/STM32CubeIDE.app/Contents/Eclipse/plugins/com.st.stm32cube.ide.mcu.externaltools.gnu-tools-for-stm32.11.3.rel1.macos64_1.1.100.202310310803/tools/bin/../lib/gcc/arm-none-eabi/11.3.1/thumb/v7e-m+fp/hard/crtbegin.o
 .ARM.attributes
                0x0000000000000052       0x34 ./Core/Src/i3g4250d.o
 .ARM.attributes
                0x0000000000000086       0x34 ./Core/Src/l3gd20.o
 .ARM.attributes
                0x00000000000000ba       0x34 ./Core/Src/lsm303agr.o
 .ARM.attributes